Microchip MPLAB XC8 Compiler V2.32

Linker command line:

-W-3 --edf=C:\Program Files\Microchip\xc8\v2.32\pic\dat\en_msgs.txt -cn \
  -h+dist/default/production\P2_Micro.X.production.sym \
  --cmf=dist/default/production\P2_Micro.X.production.cmf -z -Q16F873 \
  -oC:\Users\chuch\AppData\Local\Temp\xcAsddk.4 --defsym=__MPLAB_BUILD=1 \
  -Mdist/default/production/P2_Micro.X.production.map -E1 -ver=XC8 Compiler \
  --acfsm=1493 -ASTACK=0A0h-0FDh -pstack=STACK -ACODE=00h-07FFhx2 \
  -ASTRCODE=00h-0FFFh -ASTRING=00h-0FFhx16 -ACONST=00h-0FFhx16 \
  -AENTRY=00h-0FFhx16 -ABANK0=020h-07Dh -ABANK1=0A0h-0FDh \
  -ARAM=020h-07Dh,0A0h-0FDh -AABS1=020h-07Fh,0A0h-0FFh -ACOMMON=07Eh-07Fh \
  -ASFR0=00h-01Fh -ASFR1=080h-09Fh -ASFR2=0100h-017Dh -ASFR3=0180h-01FDh \
  -ACONFIG=02007h-02007h -DCONFIG=2 -AIDLOC=02000h-02003h -DIDLOC=2 \
  -AEEDATA=00h-07Fh/02100h -peeprom_data=EEDATA -DEEDATA=2 -DCODE=2 \
  -DSTRCODE=2 -DSTRING=2 -DCONST=2 -DENTRY=2 \
  -preset_vec=00h,intentry,init,end_init -ppowerup=CODE -pcinit=CODE \
  -pfunctab=ENTRY -k C:\Users\chuch\AppData\Local\Temp\xcAsddk.o \
  dist/default/production\P2_Micro.X.production.o 

Object code version is 3.11

Machine type is 16F873



                Name                               Link     Load   Length Selector   Space Scale
C:\Users\chuch\AppData\Local\Temp\xcAsddk.o
                end_init                              0        0        2        0       0
dist/default/production\P2_Micro.X.production.o
                cinit                               7E8      7E8       18      FD0       0
                text10                              501      501       61      A02       0
                text9                               464      464       2E      8C8       0
                text8                               653      653       BD      CA6       0
                text7                               401      401       17      802       0
                text6                               3DF      3DF       11      7BE       0
                text5                               492      492       30      924       0
                text4                               4C2      4C2       3F      984       0
                text3                               562      562       67      AC4       0
                text2                               710      710       D8      E20       0
                text1                               418      418       21      830       0
                maintext                            5C9      5C9       8A      B92       0
                cstackBANK0                          4B       4B       15       20       1
                inittext                            3F0      3F0       11      7E0       0
                dataBANK0                            20       20       2B       20       1
                bssBANK0                             60       60        8       20       1
                bitbssBANK0                         340       68        1       20       1     8
                strings                               2        2       18        4       0
                idataBANK0                          439      439       2B      872       0

TOTAL           Name                               Link     Load   Length     Space
        CLASS   STACK          

        CLASS   CODE           
                end_init                              0        0        2         0
                cinit                               7E8      7E8       18         0
                text10                              501      501       61         0
                text9                               464      464       2E         0
                text8                               653      653       BD         0
                text7                               401      401       17         0
                text6                               3DF      3DF       11         0
                text5                               492      492       30         0
                text4                               4C2      4C2       3F         0
                text3                               562      562       67         0
                text2                               710      710       D8         0
                text1                               418      418       21         0
                maintext                            5C9      5C9       8A         0
                inittext                            3F0      3F0       11         0
                idataBANK0                          439      439       2B         0

        CLASS   STRCODE        

        CLASS   STRING         
                strings                               2        2       18         0

        CLASS   CONST          

        CLASS   ENTRY          

        CLASS   BANK0          
                cstackBANK0                          4B       4B       15         1
                dataBANK0                            20       20       2B         1
                bssBANK0                             60       60        8         1
                bitbssBANK0                         340       68        1         1

        CLASS   BANK1          

        CLASS   RAM            

        CLASS   ABS1           
                abs_s1                               7E       7E        2         1

        CLASS   COMMON         

        CLASS   SFR0           

        CLASS   SFR1           

        CLASS   SFR2           

        CLASS   SFR3           

        CLASS   CONFIG         

        CLASS   IDLOC          

        CLASS   EEDATA         

        CLASS   BANK3          

        CLASS   BANK2          



SEGMENTS        Name                           Load    Length   Top    Selector   Space  Class     Delta

                reset_vec                      000000  000002  000002         0       0  CODE        2
                strings                        000002  000018  00001A         4       0  STRING      2
                dataBANK0                      000020  000049  000069        20       1  BANK0       1
                text6                          0003DF  000011  0003F0       7BE       0  CODE        2
                inittext                       0003F0  000011  000401       7E0       0  CODE        2
                text7                          000401  000017  000418       802       0  CODE        2
                text1                          000418  000021  000439       830       0  CODE        2
                idataBANK0                     000439  00002B  000464       872       0  CODE        2
                text9                          000464  00002E  000492       8C8       0  CODE        2
                text5                          000492  000030  0004C2       924       0  CODE        2
                text4                          0004C2  00003F  000501       984       0  CODE        2
                text10                         000501  000061  000562       A02       0  CODE        2
                text3                          000562  000067  0005C9       AC4       0  CODE        2
                maintext                       0005C9  00008A  000653       B92       0  CODE        2
                text8                          000653  0000BD  000710       CA6       0  CODE        2
                text2                          000710  0000D8  0007E8       E20       0  CODE        2
                cinit                          0007E8  000018  000800       FD0       0  CODE        2


UNUSED ADDRESS RANGES

        Name                Unused          Largest block    Delta
        BANK0            0069-007D             15           1
        BANK1            00A0-00FD             5E           1
        CODE             001A-03DE            3C5           2
                         0800-0FFF            800
        CONFIG           2007-2007              1           2
        CONST            001A-03DE            100           2
                         0800-0FFF            100
        EEDATA           2100-217F             80           2
        ENTRY            001A-03DE            100           2
                         0800-0FFF            100
        IDLOC            2000-2003              4           2
        RAM              0069-007D             15           1
                         00A0-00FD             5E
        SFR0             0000-001F             20           1
        SFR1             0080-009F             20           1
        SFR2             0100-017D             7E           1
        SFR3             0180-01FD             7E           1
        STACK            00A0-00FD             5E           1
        STRCODE          001A-03DE            3C5           2
                         0800-0FFF            800
        STRING           001A-03DE            100           2
                         0800-0FFF            100

                                  Symbol Table

LCD_Cmd@Command               cstackBANK0  0050
LCD_Goto@col                  cstackBANK0  0054
LCD_Goto@row                  cstackBANK0  0051
LCD_Print@LCD_Str             cstackBANK0  004E
LCD_Print@i                   cstackBANK0  0051
LCD_PutC@LCD_Char             cstackBANK0  004F
LCD_Write_Nibble@n            cstackBANK0  004D
_ADCON1                       (abs)        009F
_LCD_Begin                    text8        0653
_LCD_Cmd                      text9        0464
_LCD_Goto                     text5        0492
_LCD_Print                    text4        04C2
_LCD_PutC                     text7        0401
_LCD_Write_Nibble             text10       0501
_M                            dataBANK0    0022
_PIR1bits                     (abs)        000C
_PORTA                        (abs)        0005
_PORTAbits                    (abs)        0005
_PORTB                        (abs)        0006
_PORTBbits                    (abs)        0006
_PORTC                        (abs)        0007
_RA3                          (abs)        002B
_RA4                          (abs)        002C
_RA5                          (abs)        002D
_RC0                          (abs)        0038
_RC1                          (abs)        0039
_RC2                          (abs)        003A
_RC3                          (abs)        003B
_RC4                          (abs)        003C
_RCREG                        (abs)        001A
_RS                           bitbssBANK0  0340
_TRISAbits                    (abs)        0085
_TRISBbits                    (abs)        0086
_TRISC                        (abs)        0087
_TXREG                        (abs)        0019
_TXSTAbits                    (abs)        0098
__Habs1                       abs1         0000
__Hbank0                      bank0        0000
__Hbank1                      bank1        0000
__Hbank2                      bank2        0000
__Hbank3                      bank3        0000
__HbitbssBANK0                bitbssBANK0  0000
__HbssBANK0                   bssBANK0     0000
__Hcinit                      cinit        0800
__Hclrtext                    clrtext      0000
__Hcode                       code         0000
__Hcommon                     common       0000
__HcstackBANK0                cstackBANK0  0000
__HcstackCOMMON               cstackCOMMON 0000
__HdataBANK0                  dataBANK0    0000
__Heeprom_data                eeprom_data  0000
__Hend_init                   end_init     0002
__Hfunctab                    functab      0000
__HidataBANK0                 idataBANK0   0000
__Hinit                       init         0000
__Hinittext                   inittext     0000
__Hintentry                   intentry     0000
__Hmaintext                   maintext     0000
__Hpowerup                    powerup      0000
__Hram                        ram          0000
__Hreset_vec                  reset_vec    0000
__Hsfr0                       sfr0         0000
__Hsfr1                       sfr1         0000
__Hsfr2                       sfr2         0000
__Hsfr3                       sfr3         0000
__Hspace_0                    (abs)        0800
__Hspace_1                    (abs)        0341
__Hspace_2                    (abs)        0000
__Hspace_3                    (abs)        0000
__Hstack                      stack        0000
__Hstrings                    strings      0000
__Htext                       text         0000
__Labs1                       abs1         0000
__Lbank0                      bank0        0000
__Lbank1                      bank1        0000
__Lbank2                      bank2        0000
__Lbank3                      bank3        0000
__LbitbssBANK0                bitbssBANK0  0000
__LbssBANK0                   bssBANK0     0000
__Lcinit                      cinit        07E8
__Lclrtext                    clrtext      0000
__Lcode                       code         0000
__Lcommon                     common       0000
__LcstackBANK0                cstackBANK0  0000
__LcstackCOMMON               cstackCOMMON 0000
__LdataBANK0                  dataBANK0    0000
__Leeprom_data                eeprom_data  0000
__Lend_init                   end_init     0000
__Lfunctab                    functab      0000
__LidataBANK0                 idataBANK0   0000
__Linit                       init         0000
__Linittext                   inittext     0000
__Lintentry                   intentry     0000
__Lmaintext                   maintext     0000
__Lpowerup                    powerup      0000
__Lram                        ram          0000
__Lreset_vec                  reset_vec    0000
__Lsfr0                       sfr0         0000
__Lsfr1                       sfr1         0000
__Lsfr2                       sfr2         0000
__Lsfr3                       sfr3         0000
__Lspace_0                    (abs)        0000
__Lspace_1                    (abs)        0000
__Lspace_2                    (abs)        0000
__Lspace_3                    (abs)        0000
__Lstack                      stack        0000
__Lstrings                    strings      0000
__Ltext                       text         0000
__S0                          (abs)        0800
__S1                          (abs)        0069
__S2                          (abs)        0000
__S3                          (abs)        0000
___int_sp                     stack        0000
___latbits                    (abs)        0001
___sp                         stack        0000
___stackhi                    (abs)        0000
___stacklo                    (abs)        0000
__end_of_LCD_Begin            text8        0710
__end_of_LCD_Cmd              text9        0492
__end_of_LCD_Goto             text5        04C2
__end_of_LCD_Print            text4        0501
__end_of_LCD_PutC             text7        0418
__end_of_LCD_Write_Nibble     text10       0562
__end_of__initialization      cinit        07FD
__end_of__stringtab           strings      0012
__end_of_iniciar_puertos      text6        03F0
__end_of_inicio_presentacion  text3        05C9
__end_of_keypad_getkey        text1        0439
__end_of_keypad_readkey       text2        07E8
__end_of_main                 maintext     0653
__initialization              cinit        07E8
__pbitbssBANK0                bitbssBANK0  0340
__pbssBANK0                   bssBANK0     0060
__pcstackBANK0                cstackBANK0  004B
__pcstackCOMMON               cstackCOMMON 0000
__pdataBANK0                  dataBANK0    0020
__pidataBANK0                 idataBANK0   0439
__pmaintext                   maintext     05C9
__pstrings                    strings      0002
__ptext1                      text1        0418
__ptext10                     text10       0501
__ptext2                      text2        0710
__ptext3                      text3        0562
__ptext4                      text4        04C2
__ptext5                      text5        0492
__ptext6                      text6        03DF
__ptext7                      text7        0401
__ptext8                      text8        0653
__ptext9                      text9        0464
__size_of_LCD_Begin           (abs)        0000
__size_of_LCD_Cmd             (abs)        0000
__size_of_LCD_Goto            (abs)        0000
__size_of_LCD_Print           (abs)        0000
__size_of_LCD_PutC            (abs)        0000
__size_of_LCD_Write_Nibble    (abs)        0000
__size_of_iniciar_puertos     (abs)        0000
__size_of_inicio_presentacion (abs)        0000
__size_of_keypad_getkey       (abs)        0000
__size_of_keypad_readkey      (abs)        0000
__size_of_main                (abs)        0000
__stringbase                  strings      0011
__stringtab                   strings      0002
_iniciar_puertos              text6        03DF
_inicio_presentacion          text3        0562
_keypad_getkey                text1        0418
_keypad_readkey               text2        0710
_main                         maintext     05C9
_number                       bssBANK0     0060
btemp                         (abs)        007E
end_of_initialization         cinit        07FD
inicio_presentacion@i         cstackBANK0  0058
init_fetch0                   inittext     03F0
init_ram0                     inittext     03F4
intlevel0                     functab      0000
intlevel1                     functab      0000
intlevel2                     functab      0000
intlevel3                     functab      0000
intlevel4                     functab      0000
intlevel5                     functab      0000
keypad_getkey@key             cstackBANK0  004D
main@c                        cstackBANK0  005F
main@i                        cstackBANK0  005D
reset_vec                     reset_vec    0000
start                         init         0000
start_initialization          cinit        07E8
wtemp0                        (abs)        007E


MODULE INFORMATION

Module		Function		Class		Link	Load	Size
./lcd.h
		_LCD_PutC      		CODE           	0401	0000	23
		_LCD_Cmd       		CODE           	0464	0000	46
		_LCD_Begin     		CODE           	0653	0000	189
		_LCD_Goto      		CODE           	0492	0000	48
		_LCD_Print     		CODE           	04C2	0000	63
		_LCD_Write_Nibble		CODE           	0501	0000	97

./lcd.h estimated size: 466

./kbd.h
		_keypad_getkey 		CODE           	0418	0000	33
		_keypad_readkey		CODE           	0710	0000	216

./kbd.h estimated size: 249

shared
		__stringtab    		STRING         	0002	0000	16
		__initialization		CODE           	07E8	0000	21

shared estimated size: 37

main.c
		_iniciar_puertos		CODE           	03DF	0000	17
		_main          		CODE           	05C9	0000	138
		_inicio_presentacion		CODE           	0562	0000	103

main.c estimated size: 258

