Microchip MPLAB XC8 Compiler V2.32

Linker command line:

-W-3 --edf=C:\Program Files\Microchip\xc8\v2.32\pic\dat\en_msgs.txt -cn \
  -h+dist/default/production\P2_Micro.X.production.sym \
  --cmf=dist/default/production\P2_Micro.X.production.cmf -z -Q16F873 \
  -oC:\Users\chuch\AppData\Local\Temp\xcAsgrs.4 --defsym=__MPLAB_BUILD=1 \
  -Mdist/default/production/P2_Micro.X.production.map -E1 -ver=XC8 Compiler \
  --acfsm=1493 -ASTACK=0A0h-0FDh -pstack=STACK -ACODE=00h-07FFhx2 \
  -ASTRCODE=00h-0FFFh -ASTRING=00h-0FFhx16 -ACONST=00h-0FFhx16 \
  -AENTRY=00h-0FFhx16 -ABANK0=020h-07Dh -ABANK1=0A0h-0FDh \
  -ARAM=020h-07Dh,0A0h-0FDh -AABS1=020h-07Fh,0A0h-0FFh -ACOMMON=07Eh-07Fh \
  -ASFR0=00h-01Fh -ASFR1=080h-09Fh -ASFR2=0100h-017Dh -ASFR3=0180h-01FDh \
  -ACONFIG=02007h-02007h -DCONFIG=2 -AIDLOC=02000h-02003h -DIDLOC=2 \
  -AEEDATA=00h-07Fh/02100h -peeprom_data=EEDATA -DEEDATA=2 -DCODE=2 \
  -DSTRCODE=2 -DSTRING=2 -DCONST=2 -DENTRY=2 \
  -preset_vec=00h,intentry,init,end_init -ppowerup=CODE -pcinit=CODE \
  -pfunctab=ENTRY -k C:\Users\chuch\AppData\Local\Temp\xcAsgrs.o \
  dist/default/production\P2_Micro.X.production.o 

Object code version is 3.11

Machine type is 16F873



                Name                               Link     Load   Length Selector   Space Scale
C:\Users\chuch\AppData\Local\Temp\xcAsgrs.o
                end_init                              0        0        2        0       0
dist/default/production\P2_Micro.X.production.o
                cinit                               7FA      7FA        6      FF4       0
                text6                               6DC      6DC       61      DB8       0
                text5                               67E      67E       2E      CFC       0
                text4                               73D      73D       BD      E7A       0
                text3                               6AC      6AC       30      D58       0
                text2                               644      644       17      C88       0
                text1                               635      635        F      C6A       0
                maintext                            65B      65B       23      CB6       0
                cstackBANK0                          20       20        D       20       1
                bitbssBANK0                         168       2D        1       20       1     8

TOTAL           Name                               Link     Load   Length     Space
        CLASS   STACK          

        CLASS   CODE           
                end_init                              0        0        2         0
                cinit                               7FA      7FA        6         0
                text6                               6DC      6DC       61         0
                text5                               67E      67E       2E         0
                text4                               73D      73D       BD         0
                text3                               6AC      6AC       30         0
                text2                               644      644       17         0
                text1                               635      635        F         0
                maintext                            65B      65B       23         0

        CLASS   STRCODE        

        CLASS   STRING         

        CLASS   CONST          

        CLASS   ENTRY          

        CLASS   BANK0          
                cstackBANK0                          20       20        D         1
                bitbssBANK0                         168       2D        1         1

        CLASS   BANK1          

        CLASS   RAM            

        CLASS   ABS1           
                abs_s1                               7E       7E        2         1

        CLASS   COMMON         

        CLASS   SFR0           

        CLASS   SFR1           

        CLASS   SFR2           

        CLASS   SFR3           

        CLASS   CONFIG         

        CLASS   IDLOC          

        CLASS   EEDATA         

        CLASS   BANK3          

        CLASS   BANK2          



SEGMENTS        Name                           Load    Length   Top    Selector   Space  Class     Delta

                reset_vec                      000000  000002  000002         0       0  CODE        2
                cstackBANK0                    000020  00000E  00002E        20       1  BANK0       1
                text1                          000635  00000F  000644       C6A       0  CODE        2
                text2                          000644  000017  00065B       C88       0  CODE        2
                maintext                       00065B  000023  00067E       CB6       0  CODE        2
                text5                          00067E  00002E  0006AC       CFC       0  CODE        2
                text3                          0006AC  000030  0006DC       D58       0  CODE        2
                text6                          0006DC  000061  00073D       DB8       0  CODE        2
                text4                          00073D  0000BD  0007FA       E7A       0  CODE        2
                cinit                          0007FA  000006  000800       FF4       0  CODE        2


UNUSED ADDRESS RANGES

        Name                Unused          Largest block    Delta
        BANK0            002E-007D             50           1
        BANK1            00A0-00FD             5E           1
        CODE             0002-0634            633           2
                         0800-0FFF            800
        CONFIG           2007-2007              1           2
        CONST            0002-0634            100           2
                         0800-0FFF            100
        EEDATA           2100-217F             80           2
        ENTRY            0002-0634            100           2
                         0800-0FFF            100
        IDLOC            2000-2003              4           2
        RAM              002E-007D             50           1
                         00A0-00FD             5E
        SFR0             0000-001F             20           1
        SFR1             0080-009F             20           1
        SFR2             0100-017D             7E           1
        SFR3             0180-01FD             7E           1
        STACK            00A0-00FD             5E           1
        STRCODE          0002-0634            633           2
                         0800-0FFF            800
        STRING           0002-0634            100           2
                         0800-0FFF            100

                                  Symbol Table

LCD_Cmd@Command            cstackBANK0  0025
LCD_Goto@col               cstackBANK0  0029
LCD_Goto@row               cstackBANK0  0026
LCD_PutC@LCD_Char          cstackBANK0  0024
LCD_Write_Nibble@n         cstackBANK0  0022
_ADCON1                    (abs)        009F
_LCD_Begin                 text4        073D
_LCD_Cmd                   text5        067E
_LCD_Goto                  text3        06AC
_LCD_PutC                  text2        0644
_LCD_Write_Nibble          text6        06DC
_PORTAbits                 (abs)        0005
_PORTBbits                 (abs)        0006
_PORTC                     (abs)        0007
_RA0                       (abs)        0028
_RS                        bitbssBANK0  0168
_TRISAbits                 (abs)        0085
_TRISBbits                 (abs)        0086
_TRISC                     (abs)        0087
__Habs1                    abs1         0000
__Hbank0                   bank0        0000
__Hbank1                   bank1        0000
__Hbank2                   bank2        0000
__Hbank3                   bank3        0000
__HbitbssBANK0             bitbssBANK0  0000
__Hcinit                   cinit        0800
__Hclrtext                 clrtext      0000
__Hcode                    code         0000
__Hcommon                  common       0000
__HcstackBANK0             cstackBANK0  0000
__HcstackCOMMON            cstackCOMMON 0000
__Heeprom_data             eeprom_data  0000
__Hend_init                end_init     0002
__Hfunctab                 functab      0000
__Hinit                    init         0000
__Hintentry                intentry     0000
__Hmaintext                maintext     0000
__Hpowerup                 powerup      0000
__Hram                     ram          0000
__Hreset_vec               reset_vec    0000
__Hsfr0                    sfr0         0000
__Hsfr1                    sfr1         0000
__Hsfr2                    sfr2         0000
__Hsfr3                    sfr3         0000
__Hspace_0                 (abs)        0800
__Hspace_1                 (abs)        0169
__Hspace_2                 (abs)        0000
__Hspace_3                 (abs)        0000
__Hstack                   stack        0000
__Hstrings                 strings      0000
__Htext                    text         0000
__Labs1                    abs1         0000
__Lbank0                   bank0        0000
__Lbank1                   bank1        0000
__Lbank2                   bank2        0000
__Lbank3                   bank3        0000
__LbitbssBANK0             bitbssBANK0  0000
__Lcinit                   cinit        07FA
__Lclrtext                 clrtext      0000
__Lcode                    code         0000
__Lcommon                  common       0000
__LcstackBANK0             cstackBANK0  0000
__LcstackCOMMON            cstackCOMMON 0000
__Leeprom_data             eeprom_data  0000
__Lend_init                end_init     0000
__Lfunctab                 functab      0000
__Linit                    init         0000
__Lintentry                intentry     0000
__Lmaintext                maintext     0000
__Lpowerup                 powerup      0000
__Lram                     ram          0000
__Lreset_vec               reset_vec    0000
__Lsfr0                    sfr0         0000
__Lsfr1                    sfr1         0000
__Lsfr2                    sfr2         0000
__Lsfr3                    sfr3         0000
__Lspace_0                 (abs)        0000
__Lspace_1                 (abs)        0000
__Lspace_2                 (abs)        0000
__Lspace_3                 (abs)        0000
__Lstack                   stack        0000
__Lstrings                 strings      0000
__Ltext                    text         0000
__S0                       (abs)        0800
__S1                       (abs)        002E
__S2                       (abs)        0000
__S3                       (abs)        0000
___int_sp                  stack        0000
___latbits                 (abs)        0001
___sp                      stack        0000
___stackhi                 (abs)        0000
___stacklo                 (abs)        0000
__end_of_LCD_Begin         text4        07FA
__end_of_LCD_Cmd           text5        06AC
__end_of_LCD_Goto          text3        06DC
__end_of_LCD_PutC          text2        065B
__end_of_LCD_Write_Nibble  text6        073D
__end_of__initialization   cinit        07FD
__end_of_iniciar_puertos   text1        0644
__end_of_main              maintext     067E
__initialization           cinit        07FA
__pbitbssBANK0             bitbssBANK0  0168
__pcstackBANK0             cstackBANK0  0020
__pcstackCOMMON            cstackCOMMON 0000
__pmaintext                maintext     065B
__ptext1                   text1        0635
__ptext2                   text2        0644
__ptext3                   text3        06AC
__ptext4                   text4        073D
__ptext5                   text5        067E
__ptext6                   text6        06DC
__size_of_LCD_Begin        (abs)        0000
__size_of_LCD_Cmd          (abs)        0000
__size_of_LCD_Goto         (abs)        0000
__size_of_LCD_PutC         (abs)        0000
__size_of_LCD_Write_Nibble (abs)        0000
__size_of_iniciar_puertos  (abs)        0000
__size_of_main             (abs)        0000
_iniciar_puertos           text1        0635
_main                      maintext     065B
btemp                      (abs)        007E
end_of_initialization      cinit        07FD
intlevel0                  functab      0000
intlevel1                  functab      0000
intlevel2                  functab      0000
intlevel3                  functab      0000
intlevel4                  functab      0000
intlevel5                  functab      0000
reset_vec                  reset_vec    0000
start                      init         0000
start_initialization       cinit        07FA
wtemp0                     (abs)        007E


MODULE INFORMATION

Module		Function		Class		Link	Load	Size
./lcd.h
		_LCD_PutC      		CODE           	0644	0000	23
		_LCD_Cmd       		CODE           	067E	0000	46
		_LCD_Begin     		CODE           	073D	0000	189
		_LCD_Goto      		CODE           	06AC	0000	48
		_LCD_Write_Nibble		CODE           	06DC	0000	97

./lcd.h estimated size: 403

shared
		__initialization		CODE           	07FA	0000	3

shared estimated size: 3

main.c
		_iniciar_puertos		CODE           	0635	0000	15
		_main          		CODE           	065B	0000	35

main.c estimated size: 50

