Microchip MPLAB XC8 Compiler V2.32

Linker command line:

-W-3 --edf=C:\Program Files\Microchip\xc8\v2.32\pic\dat\en_msgs.txt -cn \
  -h+dist/default/debug\P2_Micro.X.debug.sym \
  --cmf=dist/default/debug\P2_Micro.X.debug.cmf -z -Q16F873 \
  -oC:\Users\chuch\AppData\Local\Temp\xcAst34.4 --defsym=__MPLAB_BUILD=1 \
  -Mdist/default/debug/P2_Micro.X.debug.map -E1 -ver=XC8 Compiler \
  --acfsm=1493 -ASTACK=0A0h-0FDh -pstack=STACK -ACODE=00h-07FFhx2 \
  -ASTRCODE=00h-0FFFh -ASTRING=00h-0FFhx16 -ACONST=00h-0FFhx16 \
  -AENTRY=00h-0FFhx16 -ABANK0=020h-07Dh -ABANK1=0A0h-0FDh \
  -ARAM=020h-07Dh,0A0h-0FDh -AABS1=020h-07Fh,0A0h-0FFh -ACOMMON=07Eh-07Fh \
  -ASFR0=00h-01Fh -ASFR1=080h-09Fh -ASFR2=0100h-017Dh -ASFR3=0180h-01FDh \
  -ACONFIG=02007h-02007h -DCONFIG=2 -AIDLOC=02000h-02003h -DIDLOC=2 \
  -AEEDATA=00h-07Fh/02100h -peeprom_data=EEDATA -DEEDATA=2 -DCODE=2 \
  -DSTRCODE=2 -DSTRING=2 -DCONST=2 -DENTRY=2 \
  -preset_vec=00h,intentry,init,end_init -ppowerup=CODE -pcinit=CODE \
  -pfunctab=ENTRY -k C:\Users\chuch\AppData\Local\Temp\xcAst34.o \
  dist/default/debug\P2_Micro.X.debug.o 

Object code version is 3.11

Machine type is 16F873



                Name                               Link     Load   Length Selector   Space Scale
C:\Users\chuch\AppData\Local\Temp\xcAst34.o
                end_init                              0        0        2        0       0
dist/default/debug\P2_Micro.X.debug.o
                cinit                               7FA      7FA        6      FF4       0
                text5                               6DC      6DC       61      DB8       0
                text4                               64A      64A       2E      C94       0
                text3                               73D      73D       BD      E7A       0
                text2                               678      678       30      CF0       0
                text1                               6A8      6A8       34      D50       0
                maintext                            62A      62A       20      C54       0
                cstackBANK0                          20       20        D       20       1
                bitbssBANK0                         168       2D        1       20       1     8
                strings                               2        2        B        4       0

TOTAL           Name                               Link     Load   Length     Space
        CLASS   STACK          

        CLASS   CODE           
                end_init                              0        0        2         0
                cinit                               7FA      7FA        6         0
                text5                               6DC      6DC       61         0
                text4                               64A      64A       2E         0
                text3                               73D      73D       BD         0
                text2                               678      678       30         0
                text1                               6A8      6A8       34         0
                maintext                            62A      62A       20         0

        CLASS   STRCODE        

        CLASS   STRING         
                strings                               2        2        B         0

        CLASS   CONST          

        CLASS   ENTRY          

        CLASS   BANK0          
                cstackBANK0                          20       20        D         1
                bitbssBANK0                         168       2D        1         1

        CLASS   BANK1          

        CLASS   RAM            

        CLASS   ABS1           
                abs_s1                               7E       7E        2         1

        CLASS   COMMON         

        CLASS   SFR0           

        CLASS   SFR1           

        CLASS   SFR2           

        CLASS   SFR3           

        CLASS   CONFIG         

        CLASS   IDLOC          

        CLASS   EEDATA         

        CLASS   BANK3          

        CLASS   BANK2          



SEGMENTS        Name                           Load    Length   Top    Selector   Space  Class     Delta

                reset_vec                      000000  000002  000002         0       0  CODE        2
                strings                        000002  00000B  00000D         4       0  STRING      2
                cstackBANK0                    000020  00000E  00002E        20       1  BANK0       1
                maintext                       00062A  000020  00064A       C54       0  CODE        2
                text4                          00064A  00002E  000678       C94       0  CODE        2
                text2                          000678  000030  0006A8       CF0       0  CODE        2
                text1                          0006A8  000034  0006DC       D50       0  CODE        2
                text5                          0006DC  000061  00073D       DB8       0  CODE        2
                text3                          00073D  0000BD  0007FA       E7A       0  CODE        2
                cinit                          0007FA  000006  000800       FF4       0  CODE        2


UNUSED ADDRESS RANGES

        Name                Unused          Largest block    Delta
        BANK0            002E-007D             50           1
        BANK1            00A0-00FD             5E           1
        CODE             000D-0629            61D           2
                         0800-0FFF            800
        CONFIG           2007-2007              1           2
        CONST            000D-0629            100           2
                         0800-0FFF            100
        EEDATA           2100-217F             80           2
        ENTRY            000D-0629            100           2
                         0800-0FFF            100
        IDLOC            2000-2003              4           2
        RAM              002E-007D             50           1
                         00A0-00FD             5E
        SFR0             0000-001F             20           1
        SFR1             0080-009F             20           1
        SFR2             0100-017D             7E           1
        SFR3             0180-01FD             7E           1
        STACK            00A0-00FD             5E           1
        STRCODE          000D-0629            61D           2
                         0800-0FFF            800
        STRING           000D-0629            100           2
                         0800-0FFF            100

                                  Symbol Table

LCD_Cmd@Command            cstackBANK0 0025
LCD_Goto@col               cstackBANK0 0029
LCD_Goto@row               cstackBANK0 0026
LCD_Print@LCD_Str          cstackBANK0 0024
LCD_Print@i                cstackBANK0 0025
LCD_Write_Nibble@n         cstackBANK0 0022
_LCD_Begin                 text3       073D
_LCD_Cmd                   text4       064A
_LCD_Goto                  text2       0678
_LCD_Print                 text1       06A8
_LCD_Write_Nibble          text5       06DC
_PORTAbits                 (abs)       0005
_PORTBbits                 (abs)       0006
_PORTC                     (abs)       0007
_RS                        bitbssBANK0 0168
_TRISAbits                 (abs)       0085
_TRISBbits                 (abs)       0086
_TRISC                     (abs)       0087
__Habs1                    abs1        0000
__Hbank0                   bank0       0000
__Hbank1                   bank1       0000
__Hbank2                   bank2       0000
__Hbank3                   bank3       0000
__HbitbssBANK0             bitbssBANK0 0000
__Hcinit                   cinit       0800
__Hclrtext                 clrtext     0000
__Hcode                    code        0000
__Hcommon                  common      0000
__HcstackBANK0             cstackBANK0 0000
__Heeprom_data             eeprom_data 0000
__Hend_init                end_init    0002
__Hfunctab                 functab     0000
__Hinit                    init        0000
__Hintentry                intentry    0000
__Hmaintext                maintext    0000
__Hpowerup                 powerup     0000
__Hram                     ram         0000
__Hreset_vec               reset_vec   0000
__Hsfr0                    sfr0        0000
__Hsfr1                    sfr1        0000
__Hsfr2                    sfr2        0000
__Hsfr3                    sfr3        0000
__Hspace_0                 (abs)       0800
__Hspace_1                 (abs)       0169
__Hspace_2                 (abs)       0000
__Hspace_3                 (abs)       0000
__Hstack                   stack       0000
__Hstrings                 strings     0000
__Htext                    text        0000
__Labs1                    abs1        0000
__Lbank0                   bank0       0000
__Lbank1                   bank1       0000
__Lbank2                   bank2       0000
__Lbank3                   bank3       0000
__LbitbssBANK0             bitbssBANK0 0000
__Lcinit                   cinit       07FA
__Lclrtext                 clrtext     0000
__Lcode                    code        0000
__Lcommon                  common      0000
__LcstackBANK0             cstackBANK0 0000
__Leeprom_data             eeprom_data 0000
__Lend_init                end_init    0000
__Lfunctab                 functab     0000
__Linit                    init        0000
__Lintentry                intentry    0000
__Lmaintext                maintext    0000
__Lpowerup                 powerup     0000
__Lram                     ram         0000
__Lreset_vec               reset_vec   0000
__Lsfr0                    sfr0        0000
__Lsfr1                    sfr1        0000
__Lsfr2                    sfr2        0000
__Lsfr3                    sfr3        0000
__Lspace_0                 (abs)       0000
__Lspace_1                 (abs)       0000
__Lspace_2                 (abs)       0000
__Lspace_3                 (abs)       0000
__Lstack                   stack       0000
__Lstrings                 strings     0000
__Ltext                    text        0000
__S0                       (abs)       0800
__S1                       (abs)       002E
__S2                       (abs)       0000
__S3                       (abs)       0000
___int_sp                  stack       0000
___latbits                 (abs)       0001
___sp                      stack       0000
___stackhi                 (abs)       0000
___stacklo                 (abs)       0000
__end_of_LCD_Begin         text3       07FA
__end_of_LCD_Cmd           text4       0678
__end_of_LCD_Goto          text2       06A8
__end_of_LCD_Print         text1       06DC
__end_of_LCD_Write_Nibble  text5       073D
__end_of__initialization   cinit       07FD
__end_of__stringtab        strings     0008
__end_of_main              maintext    064A
__initialization           cinit       07FA
__pbitbssBANK0             bitbssBANK0 0168
__pcstackBANK0             cstackBANK0 0020
__pmaintext                maintext    062A
__pstrings                 strings     0002
__ptext1                   text1       06A8
__ptext2                   text2       0678
__ptext3                   text3       073D
__ptext4                   text4       064A
__ptext5                   text5       06DC
__size_of_LCD_Begin        (abs)       0000
__size_of_LCD_Cmd          (abs)       0000
__size_of_LCD_Goto         (abs)       0000
__size_of_LCD_Print        (abs)       0000
__size_of_LCD_Write_Nibble (abs)       0000
__size_of_main             (abs)       0000
__stringbase               strings     0007
__stringtab                strings     0002
_main                      maintext    062A
btemp                      (abs)       007E
end_of_initialization      cinit       07FD
intlevel0                  functab     0000
intlevel1                  functab     0000
intlevel2                  functab     0000
intlevel3                  functab     0000
intlevel4                  functab     0000
intlevel5                  functab     0000
reset_vec                  reset_vec   0000
start                      init        0000
start_initialization       cinit       07FA
wtemp0                     (abs)       007E


MODULE INFORMATION

Module		Function		Class		Link	Load	Size
./lcd.h
		_LCD_Cmd       		CODE           	064A	0000	46
		_LCD_Begin     		CODE           	073D	0000	189
		_LCD_Goto      		CODE           	0678	0000	48
		_LCD_Print     		CODE           	06A8	0000	52
		_LCD_Write_Nibble		CODE           	06DC	0000	97

./lcd.h estimated size: 432

shared
		__stringtab    		STRING         	0002	0000	6
		__initialization		CODE           	07FA	0000	3

shared estimated size: 9

main.c
		_main          		CODE           	062A	0000	32

main.c estimated size: 32

