Microchip MPLAB XC8 Compiler V2.32

Linker command line:

-W-3 --edf=C:\Program Files\Microchip\xc8\v2.32\pic\dat\en_msgs.txt -cn \
  -h+dist/default/production\P3_NOR.X.production.sym \
  --cmf=dist/default/production\P3_NOR.X.production.cmf -z -Q16F873 \
  -oC:\Users\chuch\AppData\Local\Temp\xcAsn1c.4 --defsym=__MPLAB_BUILD=1 \
  -Mdist/default/production/P3_NOR.X.production.map -E1 -ver=XC8 Compiler \
  --acfsm=1493 -ASTACK=0A0h-0FDh -pstack=STACK -ACODE=00h-07FFhx2 \
  -ASTRCODE=00h-0FFFh -ASTRING=00h-0FFhx16 -ACONST=00h-0FFhx16 \
  -AENTRY=00h-0FFhx16 -ABANK0=020h-07Dh -ABANK1=0A0h-0FDh \
  -ARAM=020h-07Dh,0A0h-0FDh -AABS1=020h-07Fh,0A0h-0FFh -ACOMMON=07Eh-07Fh \
  -ASFR0=00h-01Fh -ASFR1=080h-09Fh -ASFR2=0100h-017Dh -ASFR3=0180h-01FDh \
  -ACONFIG=02007h-02007h -DCONFIG=2 -AIDLOC=02000h-02003h -DIDLOC=2 \
  -AEEDATA=00h-07Fh/02100h -peeprom_data=EEDATA -DEEDATA=2 -DCODE=2 \
  -DSTRCODE=2 -DSTRING=2 -DCONST=2 -DENTRY=2 \
  -preset_vec=00h,intentry,init,end_init -ppowerup=CODE -pcinit=CODE \
  -pfunctab=ENTRY -k C:\Users\chuch\AppData\Local\Temp\xcAsn1c.o \
  dist/default/production\P3_NOR.X.production.o 

Object code version is 3.11

Machine type is 16F873



                Name                               Link     Load   Length Selector   Space Scale
C:\Users\chuch\AppData\Local\Temp\xcAsn1c.o
                end_init                              0        0        2        0       0
                config                             2007     2007        1        0       4
dist/default/production\P3_NOR.X.production.o
                cinit                               7E8      7E8       18      FD0       0
                config                             2007     2007        1        0       4
                text17                              41F      41F       61      83E       0
                text16                              382      382       2E      704       0
                text15                              57A      57A       BD      AF4       0
                text14                              263      263       17      4C6       0
                text13                              27A      27A       1B      4F4       0
                text12                              23A      23A        A      474       0
                text11                              244      244        E      488       0
                text10                              32D      32D       2A      65A       0
                text9                               3E0      3E0       3F      7C0       0
                text8                               70F      70F       D9      E1E       0
                text7                               304      304       29      608       0
                text6                               2DC      2DC       28      5B8       0
                text5                               3B0      3B0       30      760       0
                text4                               480      480       67      900       0
                text3                               637      637       D8      C6E       0
                text2                               295      295       21      52A       0
                text1                               2B6      2B6       26      56C       0
                maintext                            4E7      4E7       93      9CE       0
                cstackBANK0                          4B       4B       15       20       1
                inittext                            252      252       11      4A4       0
                dataBANK0                            20       20       2B       20       1
                bssBANK0                             60       60        8       20       1
                bitbssBANK0                         340       68        1       20       1     8
                strings                               2        2       45        4       0
                idataBANK0                          357      357       2B      6AE       0

TOTAL           Name                               Link     Load   Length     Space
        CLASS   STACK          

        CLASS   CODE           
                end_init                              0        0        2         0
                cinit                               7E8      7E8       18         0
                text17                              41F      41F       61         0
                text16                              382      382       2E         0
                text15                              57A      57A       BD         0
                text14                              263      263       17         0
                text13                              27A      27A       1B         0
                text12                              23A      23A        A         0
                text11                              244      244        E         0
                text10                              32D      32D       2A         0
                text9                               3E0      3E0       3F         0
                text8                               70F      70F       D9         0
                text7                               304      304       29         0
                text6                               2DC      2DC       28         0
                text5                               3B0      3B0       30         0
                text4                               480      480       67         0
                text3                               637      637       D8         0
                text2                               295      295       21         0
                text1                               2B6      2B6       26         0
                maintext                            4E7      4E7       93         0
                inittext                            252      252       11         0
                idataBANK0                          357      357       2B         0

        CLASS   STRCODE        

        CLASS   STRING         
                strings                               2        2       45         0

        CLASS   CONST          

        CLASS   ENTRY          

        CLASS   BANK0          
                cstackBANK0                          4B       4B       15         1
                dataBANK0                            20       20       2B         1
                bssBANK0                             60       60        8         1
                bitbssBANK0                         340       68        1         1

        CLASS   BANK1          

        CLASS   RAM            

        CLASS   ABS1           
                abs_s1                               7E       7E        2         1

        CLASS   COMMON         

        CLASS   SFR0           

        CLASS   SFR1           

        CLASS   SFR2           

        CLASS   SFR3           

        CLASS   CONFIG         
                config                             2007     2007        1         4

        CLASS   IDLOC          

        CLASS   EEDATA         

        CLASS   BANK3          

        CLASS   BANK2          



SEGMENTS        Name                           Load    Length   Top    Selector   Space  Class     Delta

                reset_vec                      000000  000002  000002         0       0  CODE        2
                strings                        000002  000045  000047         4       0  STRING      2
                dataBANK0                      000020  000049  000069        20       1  BANK0       1
                text12                         00023A  00000A  000244       474       0  CODE        2
                text11                         000244  00000E  000252       488       0  CODE        2
                inittext                       000252  000011  000263       4A4       0  CODE        2
                text14                         000263  000017  00027A       4C6       0  CODE        2
                text13                         00027A  00001B  000295       4F4       0  CODE        2
                text2                          000295  000021  0002B6       52A       0  CODE        2
                text1                          0002B6  000026  0002DC       56C       0  CODE        2
                text6                          0002DC  000028  000304       5B8       0  CODE        2
                text7                          000304  000029  00032D       608       0  CODE        2
                text10                         00032D  00002A  000357       65A       0  CODE        2
                idataBANK0                     000357  00002B  000382       6AE       0  CODE        2
                text16                         000382  00002E  0003B0       704       0  CODE        2
                text5                          0003B0  000030  0003E0       760       0  CODE        2
                text9                          0003E0  00003F  00041F       7C0       0  CODE        2
                text17                         00041F  000061  000480       83E       0  CODE        2
                text4                          000480  000067  0004E7       900       0  CODE        2
                maintext                       0004E7  000093  00057A       9CE       0  CODE        2
                text15                         00057A  0000BD  000637       AF4       0  CODE        2
                text3                          000637  0000D8  00070F       C6E       0  CODE        2
                text8                          00070F  0000D9  0007E8       E1E       0  CODE        2
                cinit                          0007E8  000018  000800       FD0       0  CODE        2


UNUSED ADDRESS RANGES

        Name                Unused          Largest block    Delta
        BANK0            0069-007D             15           1
        BANK1            00A0-00FD             5E           1
        CODE             0047-0239            1F3           2
                         0800-0FFF            800
        CONST            0047-0239            100           2
                         0800-0FFF            100
        EEDATA           2100-217F             80           2
        ENTRY            0047-0239            100           2
                         0800-0FFF            100
        IDLOC            2000-2003              4           2
        RAM              0069-007D             15           1
                         00A0-00FD             5E
        SFR0             0000-001F             20           1
        SFR1             0080-009F             20           1
        SFR2             0100-017D             7E           1
        SFR3             0180-01FD             7E           1
        STACK            00A0-00FD             5E           1
        STRCODE          0047-0239            1F3           2
                         0800-0FFF            800
        STRING           0047-0239            100           2
                         0800-0FFF            100

                                  Symbol Table

Canal0@z                      cstackBANK0  004B
LCD_Cmd@Command               cstackBANK0  0050
LCD_Goto@col                  cstackBANK0  0054
LCD_Goto@row                  cstackBANK0  0051
LCD_Print@LCD_Str             cstackBANK0  004E
LCD_Print@i                   cstackBANK0  0051
LCD_PutC@LCD_Char             cstackBANK0  004F
LCD_Write_Nibble@n            cstackBANK0  004D
Tx_Dato@X                     cstackBANK0  004B
_ADCON0                       (abs)        001F
_ADCON1                       (abs)        009F
_ADIF                         (abs)        0066
_ADON                         (abs)        00F8
_ADRES                        bssBANK0     0064
_ADRESH                       (abs)        001E
_ADRESL                       (abs)        009E
_CHS0                         (abs)        00FB
_CHS1                         (abs)        00FC
_CHS2                         (abs)        00FD
_Canal0                       text13       027A
_ECO                          bssBANK0     0066
_GO                           (abs)        00FA
_LCD_Begin                    text15       057A
_LCD_Cmd                      text16       0382
_LCD_Goto                     text5        03B0
_LCD_Print                    text9        03E0
_LCD_PutC                     text14       0263
_LCD_Write_Nibble             text17       041F
_M                            dataBANK0    0022
_OPTION_REG                   (abs)        0081
_PIR1bits                     (abs)        000C
_PORTA                        (abs)        0005
_PORTB                        (abs)        0006
_PORTBbits                    (abs)        0006
_PORTC                        (abs)        0007
_PORTCbits                    (abs)        0007
_RA0                          (abs)        0028
_RA1                          (abs)        0029
_RA2                          (abs)        002A
_RA4                          (abs)        002C
_RA5                          (abs)        002D
_RC0                          (abs)        0038
_RC1                          (abs)        0039
_RC3                          (abs)        003B
_RCIE                         (abs)        0465
_RCREG                        (abs)        001A
_RCSTA                        (abs)        0018
_RCSTAbits                    (abs)        0018
_RS                           bitbssBANK0  0340
_Rx_Dato                      text12       023A
_SPBRG                        (abs)        0099
_SSPADD                       (abs)        0093
_SSPCON                       (abs)        0014
_SSPCON2                      (abs)        0091
_SSPSTAT                      (abs)        0094
_TMR0                         (abs)        0001
_TRISAbits                    (abs)        0085
_TRISBbits                    (abs)        0086
_TRISCbits                    (abs)        0087
_TXIE                         (abs)        0464
_TXREG                        (abs)        0019
_TXSTA                        (abs)        0098
_TXSTAbits                    (abs)        0098
_Tx_Dato                      text11       0244
__Habs1                       abs1         0000
__Hbank0                      bank0        0000
__Hbank1                      bank1        0000
__Hbank2                      bank2        0000
__Hbank3                      bank3        0000
__HbitbssBANK0                bitbssBANK0  0000
__HbssBANK0                   bssBANK0     0000
__Hcinit                      cinit        0800
__Hclrtext                    clrtext      0000
__Hcode                       code         0000
__Hcommon                     common       0000
__Hconfig                     config       2008
__HcstackBANK0                cstackBANK0  0000
__HcstackCOMMON               cstackCOMMON 0000
__HdataBANK0                  dataBANK0    0000
__Heeprom_data                eeprom_data  0000
__Hend_init                   end_init     0002
__Hfunctab                    functab      0000
__HidataBANK0                 idataBANK0   0000
__Hinit                       init         0000
__Hinittext                   inittext     0000
__Hintentry                   intentry     0000
__Hmaintext                   maintext     0000
__Hpowerup                    powerup      0000
__Hram                        ram          0000
__Hreset_vec                  reset_vec    0000
__Hsfr0                       sfr0         0000
__Hsfr1                       sfr1         0000
__Hsfr2                       sfr2         0000
__Hsfr3                       sfr3         0000
__Hspace_0                    (abs)        0800
__Hspace_1                    (abs)        0341
__Hspace_2                    (abs)        0000
__Hspace_3                    (abs)        0000
__Hspace_4                    (abs)        400F
__Hstack                      stack        0000
__Hstrings                    strings      0000
__Htext                       text         0000
__Labs1                       abs1         0000
__Lbank0                      bank0        0000
__Lbank1                      bank1        0000
__Lbank2                      bank2        0000
__Lbank3                      bank3        0000
__LbitbssBANK0                bitbssBANK0  0000
__LbssBANK0                   bssBANK0     0000
__Lcinit                      cinit        07E8
__Lclrtext                    clrtext      0000
__Lcode                       code         0000
__Lcommon                     common       0000
__Lconfig                     config       0000
__LcstackBANK0                cstackBANK0  0000
__LcstackCOMMON               cstackCOMMON 0000
__LdataBANK0                  dataBANK0    0000
__Leeprom_data                eeprom_data  0000
__Lend_init                   end_init     0000
__Lfunctab                    functab      0000
__LidataBANK0                 idataBANK0   0000
__Linit                       init         0000
__Linittext                   inittext     0000
__Lintentry                   intentry     0000
__Lmaintext                   maintext     0000
__Lpowerup                    powerup      0000
__Lram                        ram          0000
__Lreset_vec                  reset_vec    0000
__Lsfr0                       sfr0         0000
__Lsfr1                       sfr1         0000
__Lsfr2                       sfr2         0000
__Lsfr3                       sfr3         0000
__Lspace_0                    (abs)        0000
__Lspace_1                    (abs)        0000
__Lspace_2                    (abs)        0000
__Lspace_3                    (abs)        0000
__Lspace_4                    (abs)        0000
__Lstack                      stack        0000
__Lstrings                    strings      0000
__Ltext                       text         0000
__S0                          (abs)        0800
__S1                          (abs)        0069
__S2                          (abs)        0000
__S3                          (abs)        0000
___int_sp                     stack        0000
___latbits                    (abs)        0001
___sp                         stack        0000
___stackhi                    (abs)        0000
___stacklo                    (abs)        0000
__end_of_Canal0               text13       0295
__end_of_LCD_Begin            text15       0637
__end_of_LCD_Cmd              text16       03B0
__end_of_LCD_Goto             text5        03E0
__end_of_LCD_Print            text9        041F
__end_of_LCD_PutC             text14       027A
__end_of_LCD_Write_Nibble     text17       0480
__end_of_Rx_Dato              text12       0244
__end_of_Tx_Dato              text11       0252
__end_of__initialization      cinit        07FD
__end_of__stringtab           strings      0012
__end_of_enviar_datos         text10       0357
__end_of_evaluar_dato         text8        07E8
__end_of_imprimir_valor_leds  text7        032D
__end_of_iniciar_puertos      text6        0304
__end_of_inicio_presentacion  text4        04E7
__end_of_keypad_getkey        text2        02B6
__end_of_keypad_readkey       text3        070F
__end_of_main                 maintext     057A
__end_of_set_configuraciones  text1        02DC
__initialization              cinit        07E8
__pbitbssBANK0                bitbssBANK0  0340
__pbssBANK0                   bssBANK0     0060
__pcstackBANK0                cstackBANK0  004B
__pcstackCOMMON               cstackCOMMON 0000
__pdataBANK0                  dataBANK0    0020
__pidataBANK0                 idataBANK0   0357
__pmaintext                   maintext     04E7
__pstrings                    strings      0002
__ptext1                      text1        02B6
__ptext10                     text10       032D
__ptext11                     text11       0244
__ptext12                     text12       023A
__ptext13                     text13       027A
__ptext14                     text14       0263
__ptext15                     text15       057A
__ptext16                     text16       0382
__ptext17                     text17       041F
__ptext2                      text2        0295
__ptext3                      text3        0637
__ptext4                      text4        0480
__ptext5                      text5        03B0
__ptext6                      text6        02DC
__ptext7                      text7        0304
__ptext8                      text8        070F
__ptext9                      text9        03E0
__size_of_Canal0              (abs)        0000
__size_of_LCD_Begin           (abs)        0000
__size_of_LCD_Cmd             (abs)        0000
__size_of_LCD_Goto            (abs)        0000
__size_of_LCD_Print           (abs)        0000
__size_of_LCD_PutC            (abs)        0000
__size_of_LCD_Write_Nibble    (abs)        0000
__size_of_Rx_Dato             (abs)        0000
__size_of_Tx_Dato             (abs)        0000
__size_of_enviar_datos        (abs)        0000
__size_of_evaluar_dato        (abs)        0000
__size_of_imprimir_valor_leds (abs)        0000
__size_of_iniciar_puertos     (abs)        0000
__size_of_inicio_presentacion (abs)        0000
__size_of_keypad_getkey       (abs)        0000
__size_of_keypad_readkey      (abs)        0000
__size_of_main                (abs)        0000
__size_of_set_configuraciones (abs)        0000
__stringbase                  strings      0011
__stringtab                   strings      0002
_enviar_datos                 text10       032D
_evaluar_dato                 text8        070F
_imprimir_valor_leds          text7        0304
_iniciar_puertos              text6        02DC
_inicio_presentacion          text4        0480
_keypad_getkey                text2        0295
_keypad_readkey               text3        0637
_main                         maintext     04E7
_number                       bssBANK0     0060
_set_configuraciones          text1        02B6
btemp                         (abs)        007E
end_of_initialization         cinit        07FD
inicio_presentacion@i         cstackBANK0  0058
init_fetch0                   inittext     0252
init_ram0                     inittext     0256
intlevel0                     functab      0000
intlevel1                     functab      0000
intlevel2                     functab      0000
intlevel3                     functab      0000
intlevel4                     functab      0000
intlevel5                     functab      0000
keypad_getkey@key             cstackBANK0  004D
main@c                        cstackBANK0  005F
main@i                        cstackBANK0  005D
reset_vec                     reset_vec    0000
start                         init         0000
start_initialization          cinit        07E8
wtemp0                        (abs)        007E


MODULE INFORMATION

Module		Function		Class		Link	Load	Size
./lcd.h
		_LCD_PutC      		CODE           	0263	0000	23
		_LCD_Cmd       		CODE           	0382	0000	46
		_LCD_Begin     		CODE           	057A	0000	189
		_LCD_Goto      		CODE           	03B0	0000	48
		_LCD_Print     		CODE           	03E0	0000	63
		_LCD_Write_Nibble		CODE           	041F	0000	97

./lcd.h estimated size: 466

./kbd.h
		_keypad_getkey 		CODE           	0295	0000	33
		_keypad_readkey		CODE           	0637	0000	216

./kbd.h estimated size: 249

shared
		__stringtab    		STRING         	0002	0000	16
		__initialization		CODE           	07E8	0000	21

shared estimated size: 37

main.c
		_Canal0        		CODE           	027A	0000	27
		_iniciar_puertos		CODE           	02DC	0000	40
		_evaluar_dato  		CODE           	070F	0000	217
		_imprimir_valor_leds		CODE           	0304	0000	41
		_main          		CODE           	04E7	0000	147
		_Rx_Dato       		CODE           	023A	0000	10
		_Tx_Dato       		CODE           	0244	0000	14
		_inicio_presentacion		CODE           	0480	0000	103
		_enviar_datos  		CODE           	032D	0000	42
		_set_configuraciones		CODE           	02B6	0000	38

main.c estimated size: 679

