Microchip MPLAB XC8 Compiler V2.32

Linker command line:

-W-3 --edf=C:\Program Files\Microchip\xc8\v2.32\pic\dat\en_msgs.txt -cn \
  -h+dist/default/production\P2B_Micro.X.production.sym \
  --cmf=dist/default/production\P2B_Micro.X.production.cmf -z -Q16F873 \
  -oC:\Users\chuch\AppData\Local\Temp\xcAs73s.4 --defsym=__MPLAB_BUILD=1 \
  -Mdist/default/production/P2B_Micro.X.production.map -E1 \
  -ver=XC8 Compiler --acfsm=1493 -ASTACK=0A0h-0FDh -pstack=STACK \
  -ACODE=00h-07FFhx2 -ASTRCODE=00h-0FFFh -ASTRING=00h-0FFhx16 \
  -ACONST=00h-0FFhx16 -AENTRY=00h-0FFhx16 -ABANK0=020h-07Dh \
  -ABANK1=0A0h-0FDh -ARAM=020h-07Dh,0A0h-0FDh -AABS1=020h-07Fh,0A0h-0FFh \
  -ACOMMON=07Eh-07Fh -ASFR0=00h-01Fh -ASFR1=080h-09Fh -ASFR2=0100h-017Dh \
  -ASFR3=0180h-01FDh -ACONFIG=02007h-02007h -DCONFIG=2 \
  -AIDLOC=02000h-02003h -DIDLOC=2 -AEEDATA=00h-07Fh/02100h \
  -peeprom_data=EEDATA -DEEDATA=2 -DCODE=2 -DSTRCODE=2 -DSTRING=2 -DCONST=2 \
  -DENTRY=2 -preset_vec=00h,intentry,init,end_init -ppowerup=CODE \
  -pcinit=CODE -pfunctab=ENTRY -k \
  C:\Users\chuch\AppData\Local\Temp\xcAs73s.o \
  dist/default/production\P2B_Micro.X.production.o 

Object code version is 3.11

Machine type is 16F873



                Name                               Link     Load   Length Selector   Space Scale
C:\Users\chuch\AppData\Local\Temp\xcAs73s.o
                end_init                              0        0        2        0       0
                config                             2007     2007        1        0       4
dist/default/production\P2B_Micro.X.production.o
                cinit                               7F7      7F7        9      FEE       0
                config                             2007     2007        1        0       4
                text6                               6D3      6D3       1B      DA6       0
                text5                               6AD      6AD        A      D5A       0
                text4                               6B7      6B7        E      D6E       0
                text3                               6EE      6EE       21      DDC       0
                text2                               6C5      6C5        E      D8A       0
                text1                               70F      70F       29      E1E       0
                maintext                            738      738       BF      E70       0
                cstackBANK0                          24       24        4       20       1
                bssBANK0                             20       20        4       20       1

TOTAL           Name                               Link     Load   Length     Space
        CLASS   STACK          

        CLASS   CODE           
                end_init                              0        0        2         0
                cinit                               7F7      7F7        9         0
                text6                               6D3      6D3       1B         0
                text5                               6AD      6AD        A         0
                text4                               6B7      6B7        E         0
                text3                               6EE      6EE       21         0
                text2                               6C5      6C5        E         0
                text1                               70F      70F       29         0
                maintext                            738      738       BF         0

        CLASS   STRCODE        

        CLASS   STRING         

        CLASS   CONST          

        CLASS   ENTRY          

        CLASS   BANK0          
                cstackBANK0                          24       24        4         1
                bssBANK0                             20       20        4         1

        CLASS   BANK1          

        CLASS   RAM            

        CLASS   ABS1           
                abs_s1                               7E       7E        2         1

        CLASS   COMMON         

        CLASS   SFR0           

        CLASS   SFR1           

        CLASS   SFR2           

        CLASS   SFR3           

        CLASS   CONFIG         
                config                             2007     2007        1         4

        CLASS   IDLOC          

        CLASS   EEDATA         

        CLASS   BANK3          

        CLASS   BANK2          



SEGMENTS        Name                           Load    Length   Top    Selector   Space  Class     Delta

                reset_vec                      000000  000002  000002         0       0  CODE        2
                bssBANK0                       000020  000008  000028        20       1  BANK0       1
                text5                          0006AD  00000A  0006B7       D5A       0  CODE        2
                text4                          0006B7  00000E  0006C5       D6E       0  CODE        2
                text2                          0006C5  00000E  0006D3       D8A       0  CODE        2
                text6                          0006D3  00001B  0006EE       DA6       0  CODE        2
                text3                          0006EE  000021  00070F       DDC       0  CODE        2
                text1                          00070F  000029  000738       E1E       0  CODE        2
                maintext                       000738  0000BF  0007F7       E70       0  CODE        2
                cinit                          0007F7  000009  000800       FEE       0  CODE        2


UNUSED ADDRESS RANGES

        Name                Unused          Largest block    Delta
        BANK0            0028-007D             56           1
        BANK1            00A0-00FD             5E           1
        CODE             0002-06AC            6AB           2
                         0800-0FFF            800
        CONST            0002-06AC            100           2
                         0800-0FFF            100
        EEDATA           2100-217F             80           2
        ENTRY            0002-06AC            100           2
                         0800-0FFF            100
        IDLOC            2000-2003              4           2
        RAM              0028-007D             56           1
                         00A0-00FD             5E
        SFR0             0000-001F             20           1
        SFR1             0080-009F             20           1
        SFR2             0100-017D             7E           1
        SFR3             0180-01FD             7E           1
        STACK            00A0-00FD             5E           1
        STRCODE          0002-06AC            6AB           2
                         0800-0FFF            800
        STRING           0002-06AC            100           2
                         0800-0FFF            100

                                  Symbol Table

Canal0@z                      cstackBANK0  0024
Tx_Dato@X                     cstackBANK0  0024
_ADCON0                       (abs)        001F
_ADCON1                       (abs)        009F
_ADIF                         (abs)        0066
_ADON                         (abs)        00F8
_ADRES                        bssBANK0     0020
_ADRESH                       (abs)        001E
_ADRESL                       (abs)        009E
_CHS0                         (abs)        00FB
_CHS1                         (abs)        00FC
_CHS2                         (abs)        00FD
_Canal0                       text6        06D3
_ECO                          bssBANK0     0022
_GO                           (abs)        00FA
_OPTION_REG                   (abs)        0081
_PIR1bits                     (abs)        000C
_PORTA                        (abs)        0005
_PORTB                        (abs)        0006
_PORTC                        (abs)        0007
_RCREG                        (abs)        001A
_RCSTA                        (abs)        0018
_RCSTAbits                    (abs)        0018
_Rx_Dato                      text5        06AD
_SPBRG                        (abs)        0099
_TMR0                         (abs)        0001
_TRISA0                       (abs)        0428
_TRISA1                       (abs)        0429
_TRISA2                       (abs)        042A
_TRISB                        (abs)        0086
_TRISC6                       (abs)        043E
_TRISC7                       (abs)        043F
_TXREG                        (abs)        0019
_TXSTA                        (abs)        0098
_TXSTAbits                    (abs)        0098
_Tx_Dato                      text4        06B7
__Habs1                       abs1         0000
__Hbank0                      bank0        0000
__Hbank1                      bank1        0000
__Hbank2                      bank2        0000
__Hbank3                      bank3        0000
__HbssBANK0                   bssBANK0     0000
__Hcinit                      cinit        0800
__Hclrtext                    clrtext      0000
__Hcode                       code         0000
__Hcommon                     common       0000
__Hconfig                     config       2008
__HcstackBANK0                cstackBANK0  0000
__HcstackCOMMON               cstackCOMMON 0000
__Heeprom_data                eeprom_data  0000
__Hend_init                   end_init     0002
__Hfunctab                    functab      0000
__Hinit                       init         0000
__Hintentry                   intentry     0000
__Hmaintext                   maintext     0000
__Hpowerup                    powerup      0000
__Hram                        ram          0000
__Hreset_vec                  reset_vec    0000
__Hsfr0                       sfr0         0000
__Hsfr1                       sfr1         0000
__Hsfr2                       sfr2         0000
__Hsfr3                       sfr3         0000
__Hspace_0                    (abs)        0800
__Hspace_1                    (abs)        0028
__Hspace_2                    (abs)        0000
__Hspace_3                    (abs)        0000
__Hspace_4                    (abs)        400F
__Hstack                      stack        0000
__Hstrings                    strings      0000
__Htext                       text         0000
__Labs1                       abs1         0000
__Lbank0                      bank0        0000
__Lbank1                      bank1        0000
__Lbank2                      bank2        0000
__Lbank3                      bank3        0000
__LbssBANK0                   bssBANK0     0000
__Lcinit                      cinit        07F7
__Lclrtext                    clrtext      0000
__Lcode                       code         0000
__Lcommon                     common       0000
__Lconfig                     config       0000
__LcstackBANK0                cstackBANK0  0000
__LcstackCOMMON               cstackCOMMON 0000
__Leeprom_data                eeprom_data  0000
__Lend_init                   end_init     0000
__Lfunctab                    functab      0000
__Linit                       init         0000
__Lintentry                   intentry     0000
__Lmaintext                   maintext     0000
__Lpowerup                    powerup      0000
__Lram                        ram          0000
__Lreset_vec                  reset_vec    0000
__Lsfr0                       sfr0         0000
__Lsfr1                       sfr1         0000
__Lsfr2                       sfr2         0000
__Lsfr3                       sfr3         0000
__Lspace_0                    (abs)        0000
__Lspace_1                    (abs)        0000
__Lspace_2                    (abs)        0000
__Lspace_3                    (abs)        0000
__Lspace_4                    (abs)        0000
__Lstack                      stack        0000
__Lstrings                    strings      0000
__Ltext                       text         0000
__S0                          (abs)        0800
__S1                          (abs)        0028
__S2                          (abs)        0000
__S3                          (abs)        0000
___int_sp                     stack        0000
___latbits                    (abs)        0001
___sp                         stack        0000
___stackhi                    (abs)        0000
___stacklo                    (abs)        0000
__end_of_Canal0               text6        06EE
__end_of_Rx_Dato              text5        06B7
__end_of_Tx_Dato              text4        06C5
__end_of__initialization      cinit        07FD
__end_of_enviar_datos         text3        070F
__end_of_iniciar_puertos      text2        06D3
__end_of_main                 maintext     07F7
__end_of_set_configuraciones  text1        0738
__initialization              cinit        07F7
__pbssBANK0                   bssBANK0     0020
__pcstackBANK0                cstackBANK0  0024
__pcstackCOMMON               cstackCOMMON 0000
__pmaintext                   maintext     0738
__ptext1                      text1        070F
__ptext2                      text2        06C5
__ptext3                      text3        06EE
__ptext4                      text4        06B7
__ptext5                      text5        06AD
__ptext6                      text6        06D3
__size_of_Canal0              (abs)        0000
__size_of_Rx_Dato             (abs)        0000
__size_of_Tx_Dato             (abs)        0000
__size_of_enviar_datos        (abs)        0000
__size_of_iniciar_puertos     (abs)        0000
__size_of_main                (abs)        0000
__size_of_set_configuraciones (abs)        0000
_enviar_datos                 text3        06EE
_iniciar_puertos              text2        06C5
_main                         maintext     0738
_set_configuraciones          text1        070F
btemp                         (abs)        007E
end_of_initialization         cinit        07FD
intlevel0                     functab      0000
intlevel1                     functab      0000
intlevel2                     functab      0000
intlevel3                     functab      0000
intlevel4                     functab      0000
intlevel5                     functab      0000
reset_vec                     reset_vec    0000
start                         init         0000
start_initialization          cinit        07F7
wtemp0                        (abs)        007E


MODULE INFORMATION

Module		Function		Class		Link	Load	Size
shared
		__initialization		CODE           	07F7	0000	6

shared estimated size: 6

main.c
		_Canal0        		CODE           	06D3	0000	27
		_iniciar_puertos		CODE           	06C5	0000	14
		_main          		CODE           	0738	0000	191
		_Rx_Dato       		CODE           	06AD	0000	10
		_Tx_Dato       		CODE           	06B7	0000	14
		_enviar_datos  		CODE           	06EE	0000	33
		_set_configuraciones		CODE           	070F	0000	41

main.c estimated size: 330

