Microchip MPLAB XC8 Compiler V2.32

Linker command line:

-W-3 --edf=C:\Program Files\Microchip\xc8\v2.32\pic\dat\en_msgs.txt -cn \
  -h+dist/default/production\P3.X.production.sym \
  --cmf=dist/default/production\P3.X.production.cmf -z -Q16F873A \
  -oC:\Users\chuch\AppData\Local\Temp\xcAsgb8.4 --defsym=__MPLAB_BUILD=1 \
  -Mdist/default/production/P3.X.production.map -E1 -ver=XC8 Compiler \
  --acfsm=1493 -ASTACK=07Ah-07Dh -pstack=STACK -ACODE=00h-07FFhx2 \
  -ASTRCODE=00h-0FFFh -ASTRING=00h-0FFhx16 -ACONST=00h-0FFhx16 \
  -AENTRY=00h-0FFhx16 -ABANK0=020h-07Dh -ABANK1=0A0h-0FDh \
  -ARAM=020h-07Dh,0A0h-0FDh -AABS1=020h-07Fh,0A0h-0FFh -ACOMMON=07Eh-07Fh \
  -ASFR0=00h-01Fh -ASFR1=080h-09Fh -ASFR2=0100h-017Dh -ASFR3=0180h-01FDh \
  -ACONFIG=02007h-02007h -DCONFIG=2 -AIDLOC=02000h-02003h -DIDLOC=2 \
  -AEEDATA=00h-07Fh/02100h -peeprom_data=EEDATA -DEEDATA=2 -DCODE=2 \
  -DSTRCODE=2 -DSTRING=2 -DCONST=2 -DENTRY=2 \
  -preset_vec=00h,intentry,init,end_init -ppowerup=CODE -pcinit=CODE \
  -pfunctab=ENTRY -k C:\Users\chuch\AppData\Local\Temp\xcAsgb8.o \
  dist/default/production\P3.X.production.o 

Object code version is 3.11

Machine type is 16F873A



                Name                               Link     Load   Length Selector   Space Scale
C:\Users\chuch\AppData\Local\Temp\xcAsgb8.o
                end_init                              0        0        2        0       0
                config                             2007     2007        1        0       4
dist/default/production\P3.X.production.o
                cinit                               7DF      7DF       21      FBE       0
                config                             2007     2007        1        0       4
                text26                               E2       E2       61      1C4       0
                text25                              DE4      DE4       2E     1BC8       0
                text24                              64A      64A       BD      C94       0
                text23                              D4C      D4C       15     1A98       0
                text22                              E12      E12       30     1C24       0
                text21                              F1F      F1F       3F     1E3E       0
                text20                               82       82       60      104       0
                text19                              E74      E74       37     1CE8       0
                text18                              EAB      EAB       38     1D56       0
                text17                              E42      E42       32     1C84       0
                text16                              2A4      2A4       85      548       0
                text15                              707      707       D8      E0E       0
                text14                              D78      D78       21     1AF0       0
                text13                              228      228       7C      450       0
                text12                              F5E      F5E       46     1EBC       0
                text11                              EE3      EE3       3C     1DC6       0
                text10                              143      143       6C      286       0
                text9                               D99      D99       24     1B32       0
                text8                               D61      D61       17     1AC2       0
                text7                               DBD      DBD       27     1B7A       0
                text6                                6E       6E       14       DC       0
                text5                               329      329       89      652       0
                text4                               1AF      1AF       79      35E       0
                text3                               443      443       A1      886       0
                text2                               590      590       BA      B20       0
                text1                               4E4      4E4       AC      9C8       0
                maintext                            3B2      3B2       91      764       0
                cstackBANK0                          20       20       3C       20       1
                clrtext                             D28      D28        8     1A50       0
                inittext                            D3B      D3B       11     1A76       0
                dataBANK1                            A0       A0       5C       A0       1
                dataBANK0                            6C       6C        B       20       1
                bssBANK0                             5C       5C       10       20       1
                bitbssBANK0                         3C8       79        1       20       1     8
                strings                               2        2       6C        4       0
                nvBANK0                              77       77        2       20       1
                idataBANK1                          FA4      FA4       5C     1F48       0
                idataBANK0                          D30      D30        B     1A60       0

TOTAL           Name                               Link     Load   Length     Space
        CLASS   STACK          

        CLASS   CODE           
                end_init                              0        0        2         0
                cinit                               7DF      7DF       21         0
                text26                               E2       E2       61         0
                text25                              DE4      DE4       2E         0
                text24                              64A      64A       BD         0
                text23                              D4C      D4C       15         0
                text22                              E12      E12       30         0
                text21                              F1F      F1F       3F         0
                text20                               82       82       60         0
                text19                              E74      E74       37         0
                text18                              EAB      EAB       38         0
                text17                              E42      E42       32         0
                text16                              2A4      2A4       85         0
                text15                              707      707       D8         0
                text14                              D78      D78       21         0
                text13                              228      228       7C         0
                text12                              F5E      F5E       46         0
                text11                              EE3      EE3       3C         0
                text10                              143      143       6C         0
                text9                               D99      D99       24         0
                text8                               D61      D61       17         0
                text7                               DBD      DBD       27         0
                text6                                6E       6E       14         0
                text5                               329      329       89         0
                text4                               1AF      1AF       79         0
                text3                               443      443       A1         0
                text2                               590      590       BA         0
                text1                               4E4      4E4       AC         0
                maintext                            3B2      3B2       91         0
                clrtext                             D28      D28        8         0
                inittext                            D3B      D3B       11         0
                idataBANK1                          FA4      FA4       5C         0
                idataBANK0                          D30      D30        B         0

        CLASS   STRCODE        

        CLASS   STRING         
                strings                               2        2       6C         0

        CLASS   CONST          

        CLASS   ENTRY          

        CLASS   BANK0          
                cstackBANK0                          20       20       3C         1
                dataBANK0                            6C       6C        B         1
                bssBANK0                             5C       5C       10         1
                bitbssBANK0                         3C8       79        1         1
                nvBANK0                              77       77        2         1

        CLASS   BANK1          
                dataBANK1                            A0       A0       5C         1

        CLASS   RAM            

        CLASS   ABS1           
                abs_s1                               7E       7E        2         1

        CLASS   COMMON         

        CLASS   SFR0           

        CLASS   SFR1           

        CLASS   SFR2           

        CLASS   SFR3           

        CLASS   CONFIG         
                config                             2007     2007        1         4

        CLASS   IDLOC          

        CLASS   EEDATA         

        CLASS   BANK3          

        CLASS   BANK2          



SEGMENTS        Name                           Load    Length   Top    Selector   Space  Class     Delta

                reset_vec                      000000  000002  000002         0       0  CODE        2
                strings                        000002  00006C  00006E         4       0  STRING      2
                cstackBANK0                    000020  00005A  00007A        20       1  BANK0       1
                dataBANK1                      0000A0  00005C  0000FC        A0       1  BANK1       1
                text6                          00006E  000014  000082        DC       0  CODE        2
                text20                         000082  000060  0000E2       104       0  CODE        2
                text26                         0000E2  000061  000143       1C4       0  CODE        2
                text10                         000143  00006C  0001AF       286       0  CODE        2
                text4                          0001AF  000079  000228       35E       0  CODE        2
                text13                         000228  00007C  0002A4       450       0  CODE        2
                text16                         0002A4  000085  000329       548       0  CODE        2
                text5                          000329  000089  0003B2       652       0  CODE        2
                maintext                       0003B2  000091  000443       764       0  CODE        2
                text3                          000443  0000A1  0004E4       886       0  CODE        2
                text1                          0004E4  0000AC  000590       9C8       0  CODE        2
                text2                          000590  0000BA  00064A       B20       0  CODE        2
                text24                         00064A  0000BD  000707       C94       0  CODE        2
                text15                         000707  0000D8  0007DF       E0E       0  CODE        2
                cinit                          0007DF  000021  000800       FBE       0  CODE        2
                clrtext                        000D28  000008  000D30      1A50       0  CODE        2
                idataBANK0                     000D30  00000B  000D3B      1A60       0  CODE        2
                inittext                       000D3B  000011  000D4C      1A76       0  CODE        2
                text23                         000D4C  000015  000D61      1A98       0  CODE        2
                text8                          000D61  000017  000D78      1AC2       0  CODE        2
                text14                         000D78  000021  000D99      1AF0       0  CODE        2
                text9                          000D99  000024  000DBD      1B32       0  CODE        2
                text7                          000DBD  000027  000DE4      1B7A       0  CODE        2
                text25                         000DE4  00002E  000E12      1BC8       0  CODE        2
                text22                         000E12  000030  000E42      1C24       0  CODE        2
                text17                         000E42  000032  000E74      1C84       0  CODE        2
                text19                         000E74  000037  000EAB      1CE8       0  CODE        2
                text18                         000EAB  000038  000EE3      1D56       0  CODE        2
                text11                         000EE3  00003C  000F1F      1DC6       0  CODE        2
                text21                         000F1F  00003F  000F5E      1E3E       0  CODE        2
                text12                         000F5E  000046  000FA4      1EBC       0  CODE        2
                idataBANK1                     000FA4  00005C  001000      1F48       0  CODE        2


UNUSED ADDRESS RANGES

        Name                Unused          Largest block    Delta
        BANK0            007A-007D              4           1
        BANK1            00FC-00FD              2           1
        CODE             0800-0D27            528           2
        CONST            0800-0D27            100           2
        EEDATA           2100-217F             80           2
        ENTRY            0800-0D27            100           2
        IDLOC            2000-2003              4           2
        RAM              007A-007D              4           1
                         00FC-00FD              2
        SFR0             0000-001F             20           1
        SFR1             0080-009F             20           1
        SFR2             0100-017D             7E           1
        SFR3             0180-01FD             7E           1
        STACK            007A-007D              4           1
        STRCODE          0800-0D27            528           2
        STRING           0800-0D27            100           2

                                  Symbol Table

?___fltol                           cstackBANK0  0020
?___lwdiv                           cstackBANK0  0020
?___lwmod                           cstackBANK0  0020
?___wmul                            cstackBANK0  0020
?_atoi                              cstackBANK0  0026
LCD_Cmd@Command                     cstackBANK0  0025
LCD_Goto@col                        cstackBANK0  0029
LCD_Goto@row                        cstackBANK0  0026
LCD_Print@LCD_Str                   cstackBANK0  0023
LCD_Print@i                         cstackBANK0  0026
LCD_PutC@LCD_Char                   cstackBANK0  0024
LCD_Write_Nibble@n                  cstackBANK0  0022
_ADCON1                             (abs)        009F
_EEADR                              (abs)        010D
_EECON1                             (abs)        018C
_EECON1bits                         (abs)        018C
_EECON2                             (abs)        018D
_EEDATA                             (abs)        010C
_INTCONbits                         (abs)        000B
_LCD_Begin                          text24       064A
_LCD_Cmd                            text25       0DE4
_LCD_Goto                           text22       0E12
_LCD_Print                          text21       0F1F
_LCD_PutC                           text8        0D61
_LCD_Write_Nibble                   text26       00E2
_PORTA                              (abs)        0005
_PORTB                              (abs)        0006
_PORTBbits                          (abs)        0006
_PORTC                              (abs)        0007
_PORTCbits                          (abs)        0007
_RA0                                (abs)        0028
_RA1                                (abs)        0029
_RA2                                (abs)        002A
_RA3                                (abs)        002B
_RA4                                (abs)        002C
_RA5                                (abs)        002D
_RC0                                (abs)        0038
_RC1                                (abs)        0039
_RS                                 bitbssBANK0  03C8
_STATUSbits                         (abs)        0003
_TRISAbits                          (abs)        0085
_TRISBbits                          (abs)        0086
_TRISCbits                          (abs)        0087
__Habs1                             abs1         0000
__Hbank0                            bank0        0000
__Hbank1                            bank1        0000
__Hbank2                            bank2        0000
__Hbank3                            bank3        0000
__HbitbssBANK0                      bitbssBANK0  0000
__HbssBANK0                         bssBANK0     0000
__Hcinit                            cinit        0800
__Hclrtext                          clrtext      0000
__Hcode                             code         0000
__Hcommon                           common       0000
__Hconfig                           config       2008
__HcstackBANK0                      cstackBANK0  0000
__HcstackCOMMON                     cstackCOMMON 0000
__HdataBANK0                        dataBANK0    0000
__HdataBANK1                        dataBANK1    0000
__Heeprom_data                      eeprom_data  0000
__Hend_init                         end_init     0002
__Hfunctab                          functab      0000
__HidataBANK0                       idataBANK0   0000
__HidataBANK1                       idataBANK1   0000
__Hinit                             init         0000
__Hinittext                         inittext     0000
__Hintentry                         intentry     0000
__Hmaintext                         maintext     0000
__HnvBANK0                          nvBANK0      0000
__Hpowerup                          powerup      0000
__Hram                              ram          0000
__Hreset_vec                        reset_vec    0000
__Hsfr0                             sfr0         0000
__Hsfr1                             sfr1         0000
__Hsfr2                             sfr2         0000
__Hsfr3                             sfr3         0000
__Hspace_0                          (abs)        1000
__Hspace_1                          (abs)        03C9
__Hspace_2                          (abs)        0000
__Hspace_3                          (abs)        0000
__Hspace_4                          (abs)        400F
__Hstack                            stack        0000
__Hstrings                          strings      0000
__Htext                             text         0000
__Labs1                             abs1         0000
__Lbank0                            bank0        0000
__Lbank1                            bank1        0000
__Lbank2                            bank2        0000
__Lbank3                            bank3        0000
__LbitbssBANK0                      bitbssBANK0  0000
__LbssBANK0                         bssBANK0     0000
__Lcinit                            cinit        07DF
__Lclrtext                          clrtext      0000
__Lcode                             code         0000
__Lcommon                           common       0000
__Lconfig                           config       0000
__LcstackBANK0                      cstackBANK0  0000
__LcstackCOMMON                     cstackCOMMON 0000
__LdataBANK0                        dataBANK0    0000
__LdataBANK1                        dataBANK1    0000
__Leeprom_data                      eeprom_data  0000
__Lend_init                         end_init     0000
__Lfunctab                          functab      0000
__LidataBANK0                       idataBANK0   0000
__LidataBANK1                       idataBANK1   0000
__Linit                             init         0000
__Linittext                         inittext     0000
__Lintentry                         intentry     0000
__Lmaintext                         maintext     0000
__LnvBANK0                          nvBANK0      0000
__Lpowerup                          powerup      0000
__Lram                              ram          0000
__Lreset_vec                        reset_vec    0000
__Lsfr0                             sfr0         0000
__Lsfr1                             sfr1         0000
__Lsfr2                             sfr2         0000
__Lsfr3                             sfr3         0000
__Lspace_0                          (abs)        0000
__Lspace_1                          (abs)        0000
__Lspace_2                          (abs)        0000
__Lspace_3                          (abs)        0000
__Lspace_4                          (abs)        0000
__Lstack                            stack        0000
__Lstrings                          strings      0000
__Ltext                             text         0000
__S0                                (abs)        1000
__S1                                (abs)        00FC
__S2                                (abs)        0000
__S3                                (abs)        0000
___fltol                            text13       0228
___fltol@exp1                       cstackBANK0  002A
___fltol@f1                         cstackBANK0  0020
___fltol@sign1                      cstackBANK0  0029
___int_sp                           stack        0000
___latbits                          (abs)        0001
___lwdiv                            text12       0F5E
___lwdiv@counter                    cstackBANK0  0027
___lwdiv@dividend                   cstackBANK0  0022
___lwdiv@divisor                    cstackBANK0  0020
___lwdiv@quotient                   cstackBANK0  0025
___lwmod                            text11       0EE3
___lwmod@counter                    cstackBANK0  0025
___lwmod@dividend                   cstackBANK0  0022
___lwmod@divisor                    cstackBANK0  0020
___sp                               stack        0000
___stackhi                          (abs)        0000
___stacklo                          (abs)        0000
___wmul                             text7        0DBD
___wmul@multiplicand                cstackBANK0  0022
___wmul@multiplier                  cstackBANK0  0020
___wmul@product                     cstackBANK0  0024
__end_of_LCD_Begin                  text24       0707
__end_of_LCD_Cmd                    text25       0E12
__end_of_LCD_Goto                   text22       0E42
__end_of_LCD_Print                  text21       0F5E
__end_of_LCD_PutC                   text8        0D78
__end_of_LCD_Write_Nibble           text26       0143
__end_of___fltol                    text13       02A4
__end_of___lwdiv                    text12       0FA4
__end_of___lwmod                    text11       0F1F
__end_of___wmul                     text7        0DE4
__end_of__initialization            cinit        07FD
__end_of__stringtab                 strings      0012
__end_of_atoi                       text5        03B2
__end_of_conditional_screen         text16       0329
__end_of_eeprom_write               text19       0EAB
__end_of_iniciar_puertos            text23       0D61
__end_of_inicio_presentacion        text20       00E2
__end_of_isdigit                    text6        0082
__end_of_itoa                       text9        0DBD
__end_of_key_writing_value          text4        0228
__end_of_keypad_getkey              text14       0D99
__end_of_keypad_readkey             text15       07DF
__end_of_load_values                text18       0EE3
__end_of_main                       maintext     0443
__end_of_screen_selector            text3        04E4
__end_of_selector_type              text1        0590
__end_of_strcat                     text17       0E74
__end_of_utoa                       text10       01AF
__end_of_ventilator_screen          text2        064A
__initialization                    cinit        07DF
__pbitbssBANK0                      bitbssBANK0  03C8
__pbssBANK0                         bssBANK0     005C
__pcstackBANK0                      cstackBANK0  0020
__pcstackCOMMON                     cstackCOMMON 0000
__pdataBANK0                        dataBANK0    006C
__pdataBANK1                        dataBANK1    00A0
__pidataBANK0                       idataBANK0   0D30
__pidataBANK1                       idataBANK1   0FA4
__pmaintext                         maintext     03B2
__pnvBANK0                          nvBANK0      0077
__pstrings                          strings      0002
__ptext1                            text1        04E4
__ptext10                           text10       0143
__ptext11                           text11       0EE3
__ptext12                           text12       0F5E
__ptext13                           text13       0228
__ptext14                           text14       0D78
__ptext15                           text15       0707
__ptext16                           text16       02A4
__ptext17                           text17       0E42
__ptext18                           text18       0EAB
__ptext19                           text19       0E74
__ptext2                            text2        0590
__ptext20                           text20       0082
__ptext21                           text21       0F1F
__ptext22                           text22       0E12
__ptext23                           text23       0D4C
__ptext24                           text24       064A
__ptext25                           text25       0DE4
__ptext26                           text26       00E2
__ptext3                            text3        0443
__ptext4                            text4        01AF
__ptext5                            text5        0329
__ptext6                            text6        006E
__ptext7                            text7        0DBD
__ptext8                            text8        0D61
__ptext9                            text9        0D99
__size_of_LCD_Begin                 (abs)        0000
__size_of_LCD_Cmd                   (abs)        0000
__size_of_LCD_Goto                  (abs)        0000
__size_of_LCD_Print                 (abs)        0000
__size_of_LCD_PutC                  (abs)        0000
__size_of_LCD_Write_Nibble          (abs)        0000
__size_of___fltol                   (abs)        0000
__size_of___lwdiv                   (abs)        0000
__size_of___lwmod                   (abs)        0000
__size_of___wmul                    (abs)        0000
__size_of_atoi                      (abs)        0000
__size_of_conditional_screen        (abs)        0000
__size_of_eeprom_write              (abs)        0000
__size_of_iniciar_puertos           (abs)        0000
__size_of_inicio_presentacion       (abs)        0000
__size_of_isdigit                   (abs)        0000
__size_of_itoa                      (abs)        0000
__size_of_key_writing_value         (abs)        0000
__size_of_keypad_getkey             (abs)        0000
__size_of_keypad_readkey            (abs)        0000
__size_of_load_values               (abs)        0000
__size_of_main                      (abs)        0000
__size_of_screen_selector           (abs)        0000
__size_of_selector_type             (abs)        0000
__size_of_strcat                    (abs)        0000
__size_of_utoa                      (abs)        0000
__size_of_ventilator_screen         (abs)        0000
__stringbase                        strings      0011
__stringtab                         strings      0002
_atoi                               text5        0329
_conditional_screen                 text16       02A4
_eeprom_write                       text19       0E74
_grupo                              dataBANK1    00F6
_i                                  nvBANK0      0077
_iniciar_puertos                    text23       0D4C
_inicio_presentacion                text20       0082
_isdigit                            text6        006E
_isdigit$818                        cstackBANK0  0020
_itoa                               text9        0D99
_key_writing_value                  text4        01AF
_keypad_getkey                      text14       0D78
_keypad_readkey                     text15       0707
_load_values                        text18       0EAB
_main                               maintext     03B2
_presentacion                       dataBANK1    00C2
_saludo                             dataBANK1    00DF
_screen_selector                    text3        0443
_selector_type                      text1        04E4
_strcat                             text17       0E42
_utoa                               text10       0143
_va                                 bssBANK0     0062
_vb                                 bssBANK0     0060
_ventilator_screen                  text2        0590
atoi@a                              cstackBANK0  002B
atoi@s                              cstackBANK0  002D
atoi@sign                           cstackBANK0  002A
btemp                               (abs)        007E
clear_ram0                          clrtext      0D28
conditional_screen@F1118            dataBANK1    00A0
conditional_screen@F1120            dataBANK1    00B8
conditional_screen@con              cstackBANK0  0030
conditional_screen@msj              cstackBANK0  003A
conditional_screen@x                cstackBANK0  002A
eeprom_write@addr                   cstackBANK0  0022
eeprom_write@value                  cstackBANK0  0020
end_of_initialization               cinit        07FD
inicio_presentacion@i               cstackBANK0  0030
inicio_presentacion@length          cstackBANK0  002A
inicio_presentacion@str             cstackBANK0  002C
init_fetch0                         inittext     0D3B
init_ram0                           inittext     0D3F
intlevel0                           functab      0000
intlevel1                           functab      0000
intlevel2                           functab      0000
intlevel3                           functab      0000
intlevel4                           functab      0000
intlevel5                           functab      0000
isdigit@c                           cstackBANK0  0021
itoa@base                           cstackBANK0  0033
itoa@buf                            cstackBANK0  0036
itoa@val                            cstackBANK0  0031
keypad_getkey@key                   cstackBANK0  0022
main@c                              cstackBANK0  005B
reset_vec                           reset_vec    0000
screen_selector@c                   cstackBANK0  003F
screen_selector@k                   cstackBANK0  0037
screen_selector@v                   cstackBANK0  003B
screen_selector@value               cstackBANK0  0040
selector_type@c                     cstackBANK0  0057
selector_type@k                     cstackBANK0  0056
start                               init         0000
start_initialization                cinit        07DF
strcat@cp                           cstackBANK0  0023
strcat@from                         cstackBANK0  0020
strcat@to                           cstackBANK0  0024
utoa@base                           cstackBANK0  002A
utoa@buf                            cstackBANK0  0030
utoa@c                              cstackBANK0  002F
utoa@v                              cstackBANK0  002D
utoa@val                            cstackBANK0  0028
ventilator_screen@F1126             dataBANK1    00AE
ventilator_screen@F1128             dataBANK0    006C
ventilator_screen@vel               cstackBANK0  004D
ventilator_screen@vel_number        cstackBANK0  0053
ventilator_screen@vel_value         cstackBANK0  0054
ventilator_screen@ventilator_number cstackBANK0  003D
ventilator_screen@vol               cstackBANK0  0043
ventilator_screen@vol_value         cstackBANK0  0052
ventilator_screen@voltaje           cstackBANK0  0037
ventilator_screen@vrm               cstackBANK0  003B
wtemp0                              (abs)        007E


MODULE INFORMATION

Module		Function		Class		Link	Load	Size
C:\Program Files\Microchip\xc8\v2.32\pic\sources\c90\common\isdigit.c
		_isdigit       		CODE           	006E	0000	20

C:\Program Files\Microchip\xc8\v2.32\pic\sources\c90\common\isdigit.c estimated size: 20

C:\Program Files\Microchip\xc8\v2.32\pic\sources\c90\pic\__eewrite.c
		_eeprom_write  		CODE           	0E74	0000	55

C:\Program Files\Microchip\xc8\v2.32\pic\sources\c90\pic\__eewrite.c estimated size: 55

C:\Program Files\Microchip\xc8\v2.32\pic\sources\c90\common\strcat.c
		_strcat        		CODE           	0E42	0000	50

C:\Program Files\Microchip\xc8\v2.32\pic\sources\c90\common\strcat.c estimated size: 50

./lcd.h
		_LCD_PutC      		CODE           	0D61	0000	23
		_LCD_Cmd       		CODE           	0DE4	0000	46
		_LCD_Begin     		CODE           	064A	0000	189
		_LCD_Goto      		CODE           	0E12	0000	48
		_LCD_Print     		CODE           	0F1F	0000	63
		_LCD_Write_Nibble		CODE           	00E2	0000	97

./lcd.h estimated size: 466

./kbd.h
		_keypad_getkey 		CODE           	0D78	0000	33
		_keypad_readkey		CODE           	0707	0000	216

./kbd.h estimated size: 249

C:\Program Files\Microchip\xc8\v2.32\pic\sources\c90\common\lwmod.c
		___lwmod       		CODE           	0EE3	0000	60

C:\Program Files\Microchip\xc8\v2.32\pic\sources\c90\common\lwmod.c estimated size: 60

C:\Program Files\Microchip\xc8\v2.32\pic\sources\c90\common\atoi.c
		_atoi          		CODE           	0329	0000	137

C:\Program Files\Microchip\xc8\v2.32\pic\sources\c90\common\atoi.c estimated size: 137

shared
		__stringtab    		STRING         	0002	0000	16
		__initialization		CODE           	07DF	0000	30

shared estimated size: 46

C:\Program Files\Microchip\xc8\v2.32\pic\sources\c90\common\lwdiv.c
		___lwdiv       		CODE           	0F5E	0000	70

C:\Program Files\Microchip\xc8\v2.32\pic\sources\c90\common\lwdiv.c estimated size: 70

C:\Program Files\Microchip\xc8\v2.32\pic\sources\c90\common\Umul16.c
		___wmul        		CODE           	0DBD	0000	39

C:\Program Files\Microchip\xc8\v2.32\pic\sources\c90\common\Umul16.c estimated size: 39

main.c
		_iniciar_puertos		CODE           	0D4C	0000	21
		_load_values   		CODE           	0EAB	0000	56
		_screen_selector		CODE           	0443	0000	161
		_selector_type 		CODE           	04E4	0000	172
		_main          		CODE           	03B2	0000	145
		_ventilator_screen		CODE           	0590	0000	186
		_inicio_presentacion		CODE           	0082	0000	96
		_conditional_screen		CODE           	02A4	0000	133
		_key_writing_value		CODE           	01AF	0000	121

main.c estimated size: 1091

C:\Program Files\Microchip\xc8\v2.32\pic\sources\c90\common\fltol.c
		___fltol       		CODE           	0228	0000	124

C:\Program Files\Microchip\xc8\v2.32\pic\sources\c90\common\fltol.c estimated size: 124

C:\Program Files\Microchip\xc8\v2.32\pic\sources\c90\common\itoa.c
		_itoa          		CODE           	0D99	0000	36
		_utoa          		CODE           	0143	0000	108

C:\Program Files\Microchip\xc8\v2.32\pic\sources\c90\common\itoa.c estimated size: 144

