Microchip MPLAB XC8 Compiler V2.32

Linker command line:

-W-3 --edf=C:\Program Files\Microchip\xc8\v2.32\pic\dat\en_msgs.txt -cn \
  -h+dist/default/production\P3.X.production.sym \
  --cmf=dist/default/production\P3.X.production.cmf -z -Q16F873A \
  -oC:\Users\chuch\AppData\Local\Temp\xcAs6kc.4 --defsym=__MPLAB_BUILD=1 \
  -Mdist/default/production/P3.X.production.map -E1 -ver=XC8 Compiler \
  --acfsm=1493 -ASTACK=0FCh-0FDh -pstack=STACK -ACODE=00h-07FFhx2 \
  -ASTRCODE=00h-0FFFh -ASTRING=00h-0FFhx16 -ACONST=00h-0FFhx16 \
  -AENTRY=00h-0FFhx16 -ABANK0=020h-07Dh -ABANK1=0A0h-0FDh \
  -ARAM=020h-07Dh,0A0h-0FDh -AABS1=020h-07Fh,0A0h-0FFh -ACOMMON=07Eh-07Fh \
  -ASFR0=00h-01Fh -ASFR1=080h-09Fh -ASFR2=0100h-017Dh -ASFR3=0180h-01FDh \
  -ACONFIG=02007h-02007h -DCONFIG=2 -AIDLOC=02000h-02003h -DIDLOC=2 \
  -AEEDATA=00h-07Fh/02100h -peeprom_data=EEDATA -DEEDATA=2 -DCODE=2 \
  -DSTRCODE=2 -DSTRING=2 -DCONST=2 -DENTRY=2 \
  -preset_vec=00h,intentry,init,end_init -ppowerup=CODE -pcinit=CODE \
  -pfunctab=ENTRY -k C:\Users\chuch\AppData\Local\Temp\xcAs6kc.o \
  dist/default/production\P3.X.production.o 

Object code version is 3.11

Machine type is 16F873A



                Name                               Link     Load   Length Selector   Space Scale
C:\Users\chuch\AppData\Local\Temp\xcAs6kc.o
                end_init                              0        0        2        0       0
                config                             2007     2007        1        0       4
dist/default/production\P3.X.production.o
                cinit                               7DF      7DF       21      FBE       0
                config                             2007     2007        1        0       4
                text30                               9E       9E       61      13C       0
                text29                              DB4      DB4       2E     1B68       0
                text28                              56E      56E       BD      ADC       0
                text27                              CFD      CFD       15     19FA       0
                text26                               6E       6E       30       DC       0
                text25                              EBF      EBF       3F     1D7E       0
                text24                              FA0      FA0       60     1F40       0
                text23                              E14      E14       37     1C28       0
                text22                              E4B      E4B       38     1C96       0
                text21                              CA8      CA8        E     1950       0
                text20                              CB6      CB6        E     196C       0
                text19                              CD5      CD5       14     19AA       0
                text18                              DE2      DE2       32     1BC4       0
                text17                              1E7      1E7       85      3CE       0
                text16                              D29      D29       1F     1A52       0
                text15                              62B      62B       D8      C56       0
                text14                              D48      D48       21     1A90       0
                text13                              16B      16B       7C      2D6       0
                text12                              EFE      EFE       46     1DFC       0
                text11                              E83      E83       3C     1D06       0
                text10                               FF       FF       6C      1FE       0
                text9                               D69      D69       24     1AD2       0
                text8                               D12      D12       17     1A24       0
                text7                               D8D      D8D       27     1B1A       0
                text6                               CE9      CE9       14     19D2       0
                text5                               26C      26C       89      4D8       0
                text4                               2F5      2F5       8D      5EA       0
                text3                               413      413       A1      826       0
                text2                               4B4      4B4       BA      968       0
                text1                               703      703       DC      E06       0
                maintext                            382      382       91      704       0
                cstackBANK0                          20       20       3E       20       1
                clrtext                             C95      C95        8     192A       0
                inittext                            CC4      CC4       11     1988       0
                dataBANK1                            A0       A0       5C       A0       1
                dataBANK0                            6F       6F        B       20       1
                bssBANK0                             5E       5E       11       20       1
                bitbssBANK0                         3E0       7C        1       20       1     8
                strings                               2        2       6C        4       0
                nvBANK0                              7A       7A        2       20       1
                idataBANK1                          F44      F44       5C     1E88       0
                idataBANK0                          C9D      C9D        B     193A       0

TOTAL           Name                               Link     Load   Length     Space
        CLASS   STACK          

        CLASS   CODE           
                end_init                              0        0        2         0
                cinit                               7DF      7DF       21         0
                text30                               9E       9E       61         0
                text29                              DB4      DB4       2E         0
                text28                              56E      56E       BD         0
                text27                              CFD      CFD       15         0
                text26                               6E       6E       30         0
                text25                              EBF      EBF       3F         0
                text24                              FA0      FA0       60         0
                text23                              E14      E14       37         0
                text22                              E4B      E4B       38         0
                text21                              CA8      CA8        E         0
                text20                              CB6      CB6        E         0
                text19                              CD5      CD5       14         0
                text18                              DE2      DE2       32         0
                text17                              1E7      1E7       85         0
                text16                              D29      D29       1F         0
                text15                              62B      62B       D8         0
                text14                              D48      D48       21         0
                text13                              16B      16B       7C         0
                text12                              EFE      EFE       46         0
                text11                              E83      E83       3C         0
                text10                               FF       FF       6C         0
                text9                               D69      D69       24         0
                text8                               D12      D12       17         0
                text7                               D8D      D8D       27         0
                text6                               CE9      CE9       14         0
                text5                               26C      26C       89         0
                text4                               2F5      2F5       8D         0
                text3                               413      413       A1         0
                text2                               4B4      4B4       BA         0
                text1                               703      703       DC         0
                maintext                            382      382       91         0
                clrtext                             C95      C95        8         0
                inittext                            CC4      CC4       11         0
                idataBANK1                          F44      F44       5C         0
                idataBANK0                          C9D      C9D        B         0

        CLASS   STRCODE        

        CLASS   STRING         
                strings                               2        2       6C         0

        CLASS   CONST          

        CLASS   ENTRY          

        CLASS   BANK0          
                cstackBANK0                          20       20       3E         1
                dataBANK0                            6F       6F        B         1
                bssBANK0                             5E       5E       11         1
                bitbssBANK0                         3E0       7C        1         1
                nvBANK0                              7A       7A        2         1

        CLASS   BANK1          
                dataBANK1                            A0       A0       5C         1

        CLASS   RAM            

        CLASS   ABS1           
                abs_s1                               7E       7E        2         1

        CLASS   COMMON         

        CLASS   SFR0           

        CLASS   SFR1           

        CLASS   SFR2           

        CLASS   SFR3           

        CLASS   CONFIG         
                config                             2007     2007        1         4

        CLASS   IDLOC          

        CLASS   EEDATA         

        CLASS   BANK3          

        CLASS   BANK2          



SEGMENTS        Name                           Load    Length   Top    Selector   Space  Class     Delta

                reset_vec                      000000  000002  000002         0       0  CODE        2
                strings                        000002  00006C  00006E         4       0  STRING      2
                cstackBANK0                    000020  00005D  00007D        20       1  BANK0       1
                dataBANK1                      0000A0  00005C  0000FC        A0       1  BANK1       1
                text26                         00006E  000030  00009E        DC       0  CODE        2
                text30                         00009E  000061  0000FF       13C       0  CODE        2
                text10                         0000FF  00006C  00016B       1FE       0  CODE        2
                text13                         00016B  00007C  0001E7       2D6       0  CODE        2
                text17                         0001E7  000085  00026C       3CE       0  CODE        2
                text5                          00026C  000089  0002F5       4D8       0  CODE        2
                text4                          0002F5  00008D  000382       5EA       0  CODE        2
                maintext                       000382  000091  000413       704       0  CODE        2
                text3                          000413  0000A1  0004B4       826       0  CODE        2
                text2                          0004B4  0000BA  00056E       968       0  CODE        2
                text28                         00056E  0000BD  00062B       ADC       0  CODE        2
                text15                         00062B  0000D8  000703       C56       0  CODE        2
                text1                          000703  0000DC  0007DF       E06       0  CODE        2
                cinit                          0007DF  000021  000800       FBE       0  CODE        2
                clrtext                        000C95  000008  000C9D      192A       0  CODE        2
                idataBANK0                     000C9D  00000B  000CA8      193A       0  CODE        2
                text21                         000CA8  00000E  000CB6      1950       0  CODE        2
                text20                         000CB6  00000E  000CC4      196C       0  CODE        2
                inittext                       000CC4  000011  000CD5      1988       0  CODE        2
                text19                         000CD5  000014  000CE9      19AA       0  CODE        2
                text6                          000CE9  000014  000CFD      19D2       0  CODE        2
                text27                         000CFD  000015  000D12      19FA       0  CODE        2
                text8                          000D12  000017  000D29      1A24       0  CODE        2
                text16                         000D29  00001F  000D48      1A52       0  CODE        2
                text14                         000D48  000021  000D69      1A90       0  CODE        2
                text9                          000D69  000024  000D8D      1AD2       0  CODE        2
                text7                          000D8D  000027  000DB4      1B1A       0  CODE        2
                text29                         000DB4  00002E  000DE2      1B68       0  CODE        2
                text18                         000DE2  000032  000E14      1BC4       0  CODE        2
                text23                         000E14  000037  000E4B      1C28       0  CODE        2
                text22                         000E4B  000038  000E83      1C96       0  CODE        2
                text11                         000E83  00003C  000EBF      1D06       0  CODE        2
                text25                         000EBF  00003F  000EFE      1D7E       0  CODE        2
                text12                         000EFE  000046  000F44      1DFC       0  CODE        2
                idataBANK1                     000F44  00005C  000FA0      1E88       0  CODE        2
                text24                         000FA0  000060  001000      1F40       0  CODE        2


UNUSED ADDRESS RANGES

        Name                Unused          Largest block    Delta
        BANK0            007D-007D              1           1
        BANK1            00FC-00FD              2           1
        CODE             0800-0C94            495           2
        CONST            0800-0C94            100           2
        EEDATA           2100-217F             80           2
        ENTRY            0800-0C94            100           2
        IDLOC            2000-2003              4           2
        RAM              007D-007D              1           1
                         00FC-00FD              2
        SFR0             0000-001F             20           1
        SFR1             0080-009F             20           1
        SFR2             0100-017D             7E           1
        SFR3             0180-01FD             7E           1
        STACK            00FC-00FD              2           1
        STRCODE          0800-0C94            495           2
        STRING           0800-0C94            100           2

                                  Symbol Table

?___fltol                           cstackBANK0  0020
?___lwdiv                           cstackBANK0  0020
?___lwmod                           cstackBANK0  0020
?___wmul                            cstackBANK0  0020
?_atoi                              cstackBANK0  0026
LCD_Cmd@Command                     cstackBANK0  0025
LCD_Goto@col                        cstackBANK0  0029
LCD_Goto@row                        cstackBANK0  0026
LCD_Print@LCD_Str                   cstackBANK0  0023
LCD_Print@i                         cstackBANK0  0026
LCD_PutC@LCD_Char                   cstackBANK0  0024
LCD_Write_Nibble@n                  cstackBANK0  0022
Tx_Dato@x                           cstackBANK0  0020
_ADCON1                             (abs)        009F
_ADIF                               (abs)        0066
_ADON                               (abs)        00F8
_ADRES                              bssBANK0     0062
_ADRESH                             (abs)        001E
_ADRESL                             (abs)        009E
_CHS0                               (abs)        00FB
_CHS1                               (abs)        00FC
_CHS2                               (abs)        00FD
_C_inicio                           text21       0CA8
_C_parada                           text20       0CB6
_EEADR                              (abs)        010D
_EECON1                             (abs)        018C
_EECON1bits                         (abs)        018C
_EECON2                             (abs)        018D
_EEDATA                             (abs)        010C
_GO                                 (abs)        00FA
_INTCONbits                         (abs)        000B
_LCD_Begin                          text28       056E
_LCD_Cmd                            text29       0DB4
_LCD_Goto                           text26       006E
_LCD_Print                          text25       0EBF
_LCD_PutC                           text8        0D12
_LCD_Write_Nibble                   text30       009E
_PORTA                              (abs)        0005
_PORTB                              (abs)        0006
_PORTBbits                          (abs)        0006
_PORTC                              (abs)        0007
_PORTCbits                          (abs)        0007
_RA0                                (abs)        0028
_RA1                                (abs)        0029
_RA2                                (abs)        002A
_RA3                                (abs)        002B
_RA4                                (abs)        002C
_RA5                                (abs)        002D
_RC0                                (abs)        0038
_RC1                                (abs)        0039
_RS                                 bitbssBANK0  03E0
_SSPADD                             (abs)        0093
_SSPBUF                             (abs)        0013
_SSPCON                             (abs)        0014
_SSPCON2                            (abs)        0091
_SSPCON2bits                        (abs)        0091
_SSPSTAT                            (abs)        0094
_STATUSbits                         (abs)        0003
_TRISAbits                          (abs)        0085
_TRISBbits                          (abs)        0086
_TRISCbits                          (abs)        0087
_Tx_Dato                            text19       0CD5
__Habs1                             abs1         0000
__Hbank0                            bank0        0000
__Hbank1                            bank1        0000
__Hbank2                            bank2        0000
__Hbank3                            bank3        0000
__HbitbssBANK0                      bitbssBANK0  0000
__HbssBANK0                         bssBANK0     0000
__Hcinit                            cinit        0800
__Hclrtext                          clrtext      0000
__Hcode                             code         0000
__Hcommon                           common       0000
__Hconfig                           config       2008
__HcstackBANK0                      cstackBANK0  0000
__HcstackCOMMON                     cstackCOMMON 0000
__HdataBANK0                        dataBANK0    0000
__HdataBANK1                        dataBANK1    0000
__Heeprom_data                      eeprom_data  0000
__Hend_init                         end_init     0002
__Hfunctab                          functab      0000
__HidataBANK0                       idataBANK0   0000
__HidataBANK1                       idataBANK1   0000
__Hinit                             init         0000
__Hinittext                         inittext     0000
__Hintentry                         intentry     0000
__Hmaintext                         maintext     0000
__HnvBANK0                          nvBANK0      0000
__Hpowerup                          powerup      0000
__Hram                              ram          0000
__Hreset_vec                        reset_vec    0000
__Hsfr0                             sfr0         0000
__Hsfr1                             sfr1         0000
__Hsfr2                             sfr2         0000
__Hsfr3                             sfr3         0000
__Hspace_0                          (abs)        1000
__Hspace_1                          (abs)        03E1
__Hspace_2                          (abs)        0000
__Hspace_3                          (abs)        0000
__Hspace_4                          (abs)        400F
__Hstack                            stack        0000
__Hstrings                          strings      0000
__Htext                             text         0000
__Labs1                             abs1         0000
__Lbank0                            bank0        0000
__Lbank1                            bank1        0000
__Lbank2                            bank2        0000
__Lbank3                            bank3        0000
__LbitbssBANK0                      bitbssBANK0  0000
__LbssBANK0                         bssBANK0     0000
__Lcinit                            cinit        07DF
__Lclrtext                          clrtext      0000
__Lcode                             code         0000
__Lcommon                           common       0000
__Lconfig                           config       0000
__LcstackBANK0                      cstackBANK0  0000
__LcstackCOMMON                     cstackCOMMON 0000
__LdataBANK0                        dataBANK0    0000
__LdataBANK1                        dataBANK1    0000
__Leeprom_data                      eeprom_data  0000
__Lend_init                         end_init     0000
__Lfunctab                          functab      0000
__LidataBANK0                       idataBANK0   0000
__LidataBANK1                       idataBANK1   0000
__Linit                             init         0000
__Linittext                         inittext     0000
__Lintentry                         intentry     0000
__Lmaintext                         maintext     0000
__LnvBANK0                          nvBANK0      0000
__Lpowerup                          powerup      0000
__Lram                              ram          0000
__Lreset_vec                        reset_vec    0000
__Lsfr0                             sfr0         0000
__Lsfr1                             sfr1         0000
__Lsfr2                             sfr2         0000
__Lsfr3                             sfr3         0000
__Lspace_0                          (abs)        0000
__Lspace_1                          (abs)        0000
__Lspace_2                          (abs)        0000
__Lspace_3                          (abs)        0000
__Lspace_4                          (abs)        0000
__Lstack                            stack        0000
__Lstrings                          strings      0000
__Ltext                             text         0000
__S0                                (abs)        1000
__S1                                (abs)        00FC
__S2                                (abs)        0000
__S3                                (abs)        0000
___fltol                            text13       016B
___fltol@exp1                       cstackBANK0  002A
___fltol@f1                         cstackBANK0  0020
___fltol@sign1                      cstackBANK0  0029
___int_sp                           stack        0000
___latbits                          (abs)        0001
___lwdiv                            text12       0EFE
___lwdiv@counter                    cstackBANK0  0027
___lwdiv@dividend                   cstackBANK0  0022
___lwdiv@divisor                    cstackBANK0  0020
___lwdiv@quotient                   cstackBANK0  0025
___lwmod                            text11       0E83
___lwmod@counter                    cstackBANK0  0025
___lwmod@dividend                   cstackBANK0  0022
___lwmod@divisor                    cstackBANK0  0020
___sp                               stack        0000
___stackhi                          (abs)        0000
___stacklo                          (abs)        0000
___wmul                             text7        0D8D
___wmul@multiplicand                cstackBANK0  0022
___wmul@multiplier                  cstackBANK0  0020
___wmul@product                     cstackBANK0  0024
__end_of_C_inicio                   text21       0CB6
__end_of_C_parada                   text20       0CC4
__end_of_LCD_Begin                  text28       062B
__end_of_LCD_Cmd                    text29       0DE2
__end_of_LCD_Goto                   text26       009E
__end_of_LCD_Print                  text25       0EFE
__end_of_LCD_PutC                   text8        0D29
__end_of_LCD_Write_Nibble           text30       00FF
__end_of_Tx_Dato                    text19       0CE9
__end_of___fltol                    text13       01E7
__end_of___lwdiv                    text12       0F44
__end_of___lwmod                    text11       0EBF
__end_of___wmul                     text7        0DB4
__end_of__initialization            cinit        07FD
__end_of__stringtab                 strings      0012
__end_of_atoi                       text5        02F5
__end_of_conditional_screen         text17       026C
__end_of_eeprom_read                text16       0D48
__end_of_eeprom_write               text23       0E4B
__end_of_iniciar_puertos            text27       0D12
__end_of_inicio_presentacion        text24       1000
__end_of_isdigit                    text6        0CFD
__end_of_itoa                       text9        0D8D
__end_of_key_writing_value          text4        0382
__end_of_keypad_getkey              text14       0D69
__end_of_keypad_readkey             text15       0703
__end_of_load_values                text22       0E83
__end_of_main                       maintext     0413
__end_of_screen_selector            text3        04B4
__end_of_selector_type              text1        07DF
__end_of_strcat                     text18       0E14
__end_of_utoa                       text10       016B
__end_of_ventilator_screen          text2        056E
__initialization                    cinit        07DF
__pbitbssBANK0                      bitbssBANK0  03E0
__pbssBANK0                         bssBANK0     005E
__pcstackBANK0                      cstackBANK0  0020
__pcstackCOMMON                     cstackCOMMON 0000
__pdataBANK0                        dataBANK0    006F
__pdataBANK1                        dataBANK1    00A0
__pidataBANK0                       idataBANK0   0C9D
__pidataBANK1                       idataBANK1   0F44
__pmaintext                         maintext     0382
__pnvBANK0                          nvBANK0      007A
__pstrings                          strings      0002
__ptext1                            text1        0703
__ptext10                           text10       00FF
__ptext11                           text11       0E83
__ptext12                           text12       0EFE
__ptext13                           text13       016B
__ptext14                           text14       0D48
__ptext15                           text15       062B
__ptext16                           text16       0D29
__ptext17                           text17       01E7
__ptext18                           text18       0DE2
__ptext19                           text19       0CD5
__ptext2                            text2        04B4
__ptext20                           text20       0CB6
__ptext21                           text21       0CA8
__ptext22                           text22       0E4B
__ptext23                           text23       0E14
__ptext24                           text24       0FA0
__ptext25                           text25       0EBF
__ptext26                           text26       006E
__ptext27                           text27       0CFD
__ptext28                           text28       056E
__ptext29                           text29       0DB4
__ptext3                            text3        0413
__ptext30                           text30       009E
__ptext4                            text4        02F5
__ptext5                            text5        026C
__ptext6                            text6        0CE9
__ptext7                            text7        0D8D
__ptext8                            text8        0D12
__ptext9                            text9        0D69
__size_of_C_inicio                  (abs)        0000
__size_of_C_parada                  (abs)        0000
__size_of_LCD_Begin                 (abs)        0000
__size_of_LCD_Cmd                   (abs)        0000
__size_of_LCD_Goto                  (abs)        0000
__size_of_LCD_Print                 (abs)        0000
__size_of_LCD_PutC                  (abs)        0000
__size_of_LCD_Write_Nibble          (abs)        0000
__size_of_Tx_Dato                   (abs)        0000
__size_of___fltol                   (abs)        0000
__size_of___lwdiv                   (abs)        0000
__size_of___lwmod                   (abs)        0000
__size_of___wmul                    (abs)        0000
__size_of_atoi                      (abs)        0000
__size_of_conditional_screen        (abs)        0000
__size_of_eeprom_read               (abs)        0000
__size_of_eeprom_write              (abs)        0000
__size_of_iniciar_puertos           (abs)        0000
__size_of_inicio_presentacion       (abs)        0000
__size_of_isdigit                   (abs)        0000
__size_of_itoa                      (abs)        0000
__size_of_key_writing_value         (abs)        0000
__size_of_keypad_getkey             (abs)        0000
__size_of_keypad_readkey            (abs)        0000
__size_of_load_values               (abs)        0000
__size_of_main                      (abs)        0000
__size_of_screen_selector           (abs)        0000
__size_of_selector_type             (abs)        0000
__size_of_strcat                    (abs)        0000
__size_of_utoa                      (abs)        0000
__size_of_ventilator_screen         (abs)        0000
__stringbase                        strings      0011
__stringtab                         strings      0002
_atoi                               text5        026C
_conditional_screen                 text17       01E7
_eeprom_read                        text16       0D29
_eeprom_write                       text23       0E14
_envio                              bssBANK0     006E
_grupo                              dataBANK1    00F6
_i                                  nvBANK0      007A
_iniciar_puertos                    text27       0CFD
_inicio_presentacion                text24       0FA0
_isdigit                            text6        0CE9
_isdigit$894                        cstackBANK0  0020
_itoa                               text9        0D69
_key_writing_value                  text4        02F5
_keypad_getkey                      text14       0D48
_keypad_readkey                     text15       062B
_load_values                        text22       0E4B
_main                               maintext     0382
_presentacion                       dataBANK1    00C2
_saludo                             dataBANK1    00DF
_screen_selector                    text3        0413
_selector_type                      text1        0703
_strcat                             text18       0DE2
_utoa                               text10       00FF
_va                                 bssBANK0     0066
_vb                                 bssBANK0     0064
_ventilator_screen                  text2        04B4
atoi@a                              cstackBANK0  002B
atoi@s                              cstackBANK0  002D
atoi@sign                           cstackBANK0  002A
btemp                               (abs)        007E
clear_ram0                          clrtext      0C95
conditional_screen@F1119            dataBANK1    00A0
conditional_screen@F1121            dataBANK1    00B8
conditional_screen@con              cstackBANK0  0030
conditional_screen@msj              cstackBANK0  003A
conditional_screen@x                cstackBANK0  002A
eeprom_read@addr                    cstackBANK0  0021
eeprom_write@addr                   cstackBANK0  0022
eeprom_write@value                  cstackBANK0  0020
end_of_initialization               cinit        07FD
inicio_presentacion@i               cstackBANK0  0030
inicio_presentacion@length          cstackBANK0  002A
inicio_presentacion@str             cstackBANK0  002C
init_fetch0                         inittext     0CC4
init_ram0                           inittext     0CC8
intlevel0                           functab      0000
intlevel1                           functab      0000
intlevel2                           functab      0000
intlevel3                           functab      0000
intlevel4                           functab      0000
intlevel5                           functab      0000
isdigit@c                           cstackBANK0  0021
itoa@base                           cstackBANK0  0033
itoa@buf                            cstackBANK0  0036
itoa@val                            cstackBANK0  0031
key_writing_value@c                 cstackBANK0  0031
keypad_getkey@key                   cstackBANK0  0022
main@c                              cstackBANK0  005D
reset_vec                           reset_vec    0000
screen_selector@c                   cstackBANK0  003F
screen_selector@k                   cstackBANK0  0037
screen_selector@v                   cstackBANK0  003B
screen_selector@value               cstackBANK0  0040
selector_type@c                     cstackBANK0  0059
selector_type@k                     cstackBANK0  0058
start                               init         0000
start_initialization                cinit        07DF
strcat@cp                           cstackBANK0  0023
strcat@from                         cstackBANK0  0020
strcat@to                           cstackBANK0  0024
utoa@base                           cstackBANK0  002A
utoa@buf                            cstackBANK0  0030
utoa@c                              cstackBANK0  002F
utoa@v                              cstackBANK0  002D
utoa@val                            cstackBANK0  0028
ventilator_screen@F1127             dataBANK1    00AE
ventilator_screen@F1129             dataBANK0    006F
ventilator_screen@vel               cstackBANK0  004D
ventilator_screen@vel_number        cstackBANK0  0053
ventilator_screen@vel_value         cstackBANK0  0054
ventilator_screen@ventilator_number cstackBANK0  003D
ventilator_screen@vol               cstackBANK0  0043
ventilator_screen@vol_value         cstackBANK0  0052
ventilator_screen@voltaje           cstackBANK0  0037
ventilator_screen@vrm               cstackBANK0  003B
wtemp0                              (abs)        007E


MODULE INFORMATION

Module		Function		Class		Link	Load	Size
C:\Program Files\Microchip\xc8\v2.32\pic\sources\c90\common\isdigit.c
		_isdigit       		CODE           	0CE9	0000	20

C:\Program Files\Microchip\xc8\v2.32\pic\sources\c90\common\isdigit.c estimated size: 20

C:\Program Files\Microchip\xc8\v2.32\pic\sources\c90\pic\__eewrite.c
		_eeprom_write  		CODE           	0E14	0000	55

C:\Program Files\Microchip\xc8\v2.32\pic\sources\c90\pic\__eewrite.c estimated size: 55

C:\Program Files\Microchip\xc8\v2.32\pic\sources\c90\common\strcat.c
		_strcat        		CODE           	0DE2	0000	50

C:\Program Files\Microchip\xc8\v2.32\pic\sources\c90\common\strcat.c estimated size: 50

./lcd.h
		_LCD_PutC      		CODE           	0D12	0000	23
		_LCD_Cmd       		CODE           	0DB4	0000	46
		_LCD_Begin     		CODE           	056E	0000	189
		_LCD_Goto      		CODE           	006E	0000	48
		_LCD_Print     		CODE           	0EBF	0000	63
		_LCD_Write_Nibble		CODE           	009E	0000	97

./lcd.h estimated size: 466

./kbd.h
		_keypad_getkey 		CODE           	0D48	0000	33
		_keypad_readkey		CODE           	062B	0000	216

./kbd.h estimated size: 249

C:\Program Files\Microchip\xc8\v2.32\pic\sources\c90\common\lwmod.c
		___lwmod       		CODE           	0E83	0000	60

C:\Program Files\Microchip\xc8\v2.32\pic\sources\c90\common\lwmod.c estimated size: 60

C:\Program Files\Microchip\xc8\v2.32\pic\sources\c90\common\atoi.c
		_atoi          		CODE           	026C	0000	137

C:\Program Files\Microchip\xc8\v2.32\pic\sources\c90\common\atoi.c estimated size: 137

shared
		__stringtab    		STRING         	0002	0000	16
		__initialization		CODE           	07DF	0000	30

shared estimated size: 46

C:\Program Files\Microchip\xc8\v2.32\pic\sources\c90\pic\__eeread.c
		_eeprom_read   		CODE           	0D29	0000	31

C:\Program Files\Microchip\xc8\v2.32\pic\sources\c90\pic\__eeread.c estimated size: 31

C:\Program Files\Microchip\xc8\v2.32\pic\sources\c90\common\lwdiv.c
		___lwdiv       		CODE           	0EFE	0000	70

C:\Program Files\Microchip\xc8\v2.32\pic\sources\c90\common\lwdiv.c estimated size: 70

C:\Program Files\Microchip\xc8\v2.32\pic\sources\c90\common\Umul16.c
		___wmul        		CODE           	0D8D	0000	39

C:\Program Files\Microchip\xc8\v2.32\pic\sources\c90\common\Umul16.c estimated size: 39

main.c
		_iniciar_puertos		CODE           	0CFD	0000	21
		_load_values   		CODE           	0E4B	0000	56
		_C_inicio      		CODE           	0CA8	0000	14
		_screen_selector		CODE           	0413	0000	161
		_selector_type 		CODE           	0703	0000	220
		_main          		CODE           	0382	0000	145
		_Tx_Dato       		CODE           	0CD5	0000	20
		_ventilator_screen		CODE           	04B4	0000	186
		_inicio_presentacion		CODE           	0FA0	0000	96
		_conditional_screen		CODE           	01E7	0000	133
		_C_parada      		CODE           	0CB6	0000	14
		_key_writing_value		CODE           	02F5	0000	141

main.c estimated size: 1207

C:\Program Files\Microchip\xc8\v2.32\pic\sources\c90\common\fltol.c
		___fltol       		CODE           	016B	0000	124

C:\Program Files\Microchip\xc8\v2.32\pic\sources\c90\common\fltol.c estimated size: 124

C:\Program Files\Microchip\xc8\v2.32\pic\sources\c90\common\itoa.c
		_itoa          		CODE           	0D69	0000	36
		_utoa          		CODE           	00FF	0000	108

C:\Program Files\Microchip\xc8\v2.32\pic\sources\c90\common\itoa.c estimated size: 144

