Microchip MPLAB XC8 Compiler V2.32

Linker command line:

-W-3 --edf=C:\Program Files\Microchip\xc8\v2.32\pic\dat\en_msgs.txt -cn \
  -h+dist/default/production\P3.X.production.sym \
  --cmf=dist/default/production\P3.X.production.cmf -z -Q16F873A \
  -oC:\Users\chuch\AppData\Local\Temp\xcAs9s8.4 --defsym=__MPLAB_BUILD=1 \
  -Mdist/default/production/P3.X.production.map -E1 -ver=XC8 Compiler \
  --acfsm=1493 -ASTACK=0FCh-0FDh -pstack=STACK -ACODE=00h-07FFhx2 \
  -ASTRCODE=00h-0FFFh -ASTRING=00h-0FFhx16 -ACONST=00h-0FFhx16 \
  -AENTRY=00h-0FFhx16 -ABANK0=020h-07Dh -ABANK1=0A0h-0FDh \
  -ARAM=020h-07Dh,0A0h-0FDh -AABS1=020h-07Fh,0A0h-0FFh -ACOMMON=07Eh-07Fh \
  -ASFR0=00h-01Fh -ASFR1=080h-09Fh -ASFR2=0100h-017Dh -ASFR3=0180h-01FDh \
  -ACONFIG=02007h-02007h -DCONFIG=2 -AIDLOC=02000h-02003h -DIDLOC=2 \
  -AEEDATA=00h-07Fh/02100h -peeprom_data=EEDATA -DEEDATA=2 -DCODE=2 \
  -DSTRCODE=2 -DSTRING=2 -DCONST=2 -DENTRY=2 \
  -preset_vec=00h,intentry,init,end_init -ppowerup=CODE -pcinit=CODE \
  -pfunctab=ENTRY -k C:\Users\chuch\AppData\Local\Temp\xcAs9s8.o \
  dist/default/production\P3.X.production.o 

Object code version is 3.11

Machine type is 16F873A



                Name                               Link     Load   Length Selector   Space Scale
C:\Users\chuch\AppData\Local\Temp\xcAs9s8.o
                end_init                              0        0        2        0       0
                config                             2007     2007        1        0       4
dist/default/production\P3.X.production.o
                cinit                               7DF      7DF       21      FBE       0
                config                             2007     2007        1        0       4
                text29                               AA       AA       61      154       0
                text28                              DC0      DC0       2E     1B80       0
                text27                              57A      57A       BD      AF4       0
                text26                              D28      D28       15     1A50       0
                text25                              DEE      DEE       30     1BDC       0
                text24                              EBF      EBF       3F     1D7E       0
                text23                              FA0      FA0       60     1F40       0
                text22                              E50      E50       37     1CA0       0
                text21                              E87      E87       38     1D0E       0
                text20                              CD3      CD3        E     19A6       0
                text19                              CE1      CE1        E     19C2       0
                text18                              D00      D00       14     1A00       0
                text17                              E1E      E1E       32     1C3C       0
                text16                              1F3      1F3       85      3E6       0
                text15                              707      707       D8      E0E       0
                text14                              D54      D54       21     1AA8       0
                text13                              177      177       7C      2EE       0
                text12                              EFE      EFE       46     1DFC       0
                text11                               6E       6E       3C       DC       0
                text10                              10B      10B       6C      216       0
                text9                               D75      D75       24     1AEA       0
                text8                               D3D      D3D       17     1A7A       0
                text7                               D99      D99       27     1B32       0
                text6                               D14      D14       14     1A28       0
                text5                               278      278       89      4F0       0
                text4                               301      301       8D      602       0
                text3                               41F      41F       A1      83E       0
                text2                               4C0      4C0       BA      980       0
                text1                               637      637       D0      C6E       0
                maintext                            38E      38E       91      71C       0
                cstackBANK0                          20       20       3E       20       1
                clrtext                             CC0      CC0        8     1980       0
                inittext                            CEF      CEF       11     19DE       0
                dataBANK1                            A0       A0       5C       A0       1
                dataBANK0                            6F       6F        B       20       1
                bssBANK0                             5E       5E       11       20       1
                bitbssBANK0                         3E0       7C        1       20       1     8
                strings                               2        2       6C        4       0
                nvBANK0                              7A       7A        2       20       1
                idataBANK1                          F44      F44       5C     1E88       0
                idataBANK0                          CC8      CC8        B     1990       0

TOTAL           Name                               Link     Load   Length     Space
        CLASS   STACK          

        CLASS   CODE           
                end_init                              0        0        2         0
                cinit                               7DF      7DF       21         0
                text29                               AA       AA       61         0
                text28                              DC0      DC0       2E         0
                text27                              57A      57A       BD         0
                text26                              D28      D28       15         0
                text25                              DEE      DEE       30         0
                text24                              EBF      EBF       3F         0
                text23                              FA0      FA0       60         0
                text22                              E50      E50       37         0
                text21                              E87      E87       38         0
                text20                              CD3      CD3        E         0
                text19                              CE1      CE1        E         0
                text18                              D00      D00       14         0
                text17                              E1E      E1E       32         0
                text16                              1F3      1F3       85         0
                text15                              707      707       D8         0
                text14                              D54      D54       21         0
                text13                              177      177       7C         0
                text12                              EFE      EFE       46         0
                text11                               6E       6E       3C         0
                text10                              10B      10B       6C         0
                text9                               D75      D75       24         0
                text8                               D3D      D3D       17         0
                text7                               D99      D99       27         0
                text6                               D14      D14       14         0
                text5                               278      278       89         0
                text4                               301      301       8D         0
                text3                               41F      41F       A1         0
                text2                               4C0      4C0       BA         0
                text1                               637      637       D0         0
                maintext                            38E      38E       91         0
                clrtext                             CC0      CC0        8         0
                inittext                            CEF      CEF       11         0
                idataBANK1                          F44      F44       5C         0
                idataBANK0                          CC8      CC8        B         0

        CLASS   STRCODE        

        CLASS   STRING         
                strings                               2        2       6C         0

        CLASS   CONST          

        CLASS   ENTRY          

        CLASS   BANK0          
                cstackBANK0                          20       20       3E         1
                dataBANK0                            6F       6F        B         1
                bssBANK0                             5E       5E       11         1
                bitbssBANK0                         3E0       7C        1         1
                nvBANK0                              7A       7A        2         1

        CLASS   BANK1          
                dataBANK1                            A0       A0       5C         1

        CLASS   RAM            

        CLASS   ABS1           
                abs_s1                               7E       7E        2         1

        CLASS   COMMON         

        CLASS   SFR0           

        CLASS   SFR1           

        CLASS   SFR2           

        CLASS   SFR3           

        CLASS   CONFIG         
                config                             2007     2007        1         4

        CLASS   IDLOC          

        CLASS   EEDATA         

        CLASS   BANK3          

        CLASS   BANK2          



SEGMENTS        Name                           Load    Length   Top    Selector   Space  Class     Delta

                reset_vec                      000000  000002  000002         0       0  CODE        2
                strings                        000002  00006C  00006E         4       0  STRING      2
                cstackBANK0                    000020  00005D  00007D        20       1  BANK0       1
                dataBANK1                      0000A0  00005C  0000FC        A0       1  BANK1       1
                text11                         00006E  00003C  0000AA        DC       0  CODE        2
                text29                         0000AA  000061  00010B       154       0  CODE        2
                text10                         00010B  00006C  000177       216       0  CODE        2
                text13                         000177  00007C  0001F3       2EE       0  CODE        2
                text16                         0001F3  000085  000278       3E6       0  CODE        2
                text5                          000278  000089  000301       4F0       0  CODE        2
                text4                          000301  00008D  00038E       602       0  CODE        2
                maintext                       00038E  000091  00041F       71C       0  CODE        2
                text3                          00041F  0000A1  0004C0       83E       0  CODE        2
                text2                          0004C0  0000BA  00057A       980       0  CODE        2
                text27                         00057A  0000BD  000637       AF4       0  CODE        2
                text1                          000637  0000D0  000707       C6E       0  CODE        2
                text15                         000707  0000D8  0007DF       E0E       0  CODE        2
                cinit                          0007DF  000021  000800       FBE       0  CODE        2
                clrtext                        000CC0  000008  000CC8      1980       0  CODE        2
                idataBANK0                     000CC8  00000B  000CD3      1990       0  CODE        2
                text20                         000CD3  00000E  000CE1      19A6       0  CODE        2
                text19                         000CE1  00000E  000CEF      19C2       0  CODE        2
                inittext                       000CEF  000011  000D00      19DE       0  CODE        2
                text18                         000D00  000014  000D14      1A00       0  CODE        2
                text6                          000D14  000014  000D28      1A28       0  CODE        2
                text26                         000D28  000015  000D3D      1A50       0  CODE        2
                text8                          000D3D  000017  000D54      1A7A       0  CODE        2
                text14                         000D54  000021  000D75      1AA8       0  CODE        2
                text9                          000D75  000024  000D99      1AEA       0  CODE        2
                text7                          000D99  000027  000DC0      1B32       0  CODE        2
                text28                         000DC0  00002E  000DEE      1B80       0  CODE        2
                text25                         000DEE  000030  000E1E      1BDC       0  CODE        2
                text17                         000E1E  000032  000E50      1C3C       0  CODE        2
                text22                         000E50  000037  000E87      1CA0       0  CODE        2
                text21                         000E87  000038  000EBF      1D0E       0  CODE        2
                text24                         000EBF  00003F  000EFE      1D7E       0  CODE        2
                text12                         000EFE  000046  000F44      1DFC       0  CODE        2
                idataBANK1                     000F44  00005C  000FA0      1E88       0  CODE        2
                text23                         000FA0  000060  001000      1F40       0  CODE        2


UNUSED ADDRESS RANGES

        Name                Unused          Largest block    Delta
        BANK0            007D-007D              1           1
        BANK1            00FC-00FD              2           1
        CODE             0800-0CBF            4C0           2
        CONST            0800-0CBF            100           2
        EEDATA           2100-217F             80           2
        ENTRY            0800-0CBF            100           2
        IDLOC            2000-2003              4           2
        RAM              007D-007D              1           1
                         00FC-00FD              2
        SFR0             0000-001F             20           1
        SFR1             0080-009F             20           1
        SFR2             0100-017D             7E           1
        SFR3             0180-01FD             7E           1
        STACK            00FC-00FD              2           1
        STRCODE          0800-0CBF            4C0           2
        STRING           0800-0CBF            100           2

                                  Symbol Table

?___fltol                           cstackBANK0  0020
?___lwdiv                           cstackBANK0  0020
?___lwmod                           cstackBANK0  0020
?___wmul                            cstackBANK0  0020
?_atoi                              cstackBANK0  0026
LCD_Cmd@Command                     cstackBANK0  0025
LCD_Goto@col                        cstackBANK0  0029
LCD_Goto@row                        cstackBANK0  0026
LCD_Print@LCD_Str                   cstackBANK0  0023
LCD_Print@i                         cstackBANK0  0026
LCD_PutC@LCD_Char                   cstackBANK0  0024
LCD_Write_Nibble@n                  cstackBANK0  0022
Tx_Dato@x                           cstackBANK0  0020
_ADCON1                             (abs)        009F
_ADIF                               (abs)        0066
_ADON                               (abs)        00F8
_ADRES                              bssBANK0     0062
_ADRESH                             (abs)        001E
_ADRESL                             (abs)        009E
_CHS0                               (abs)        00FB
_CHS1                               (abs)        00FC
_CHS2                               (abs)        00FD
_C_inicio                           text20       0CD3
_C_parada                           text19       0CE1
_EEADR                              (abs)        010D
_EECON1                             (abs)        018C
_EECON1bits                         (abs)        018C
_EECON2                             (abs)        018D
_EEDATA                             (abs)        010C
_GO                                 (abs)        00FA
_INTCONbits                         (abs)        000B
_LCD_Begin                          text27       057A
_LCD_Cmd                            text28       0DC0
_LCD_Goto                           text25       0DEE
_LCD_Print                          text24       0EBF
_LCD_PutC                           text8        0D3D
_LCD_Write_Nibble                   text29       00AA
_PORTA                              (abs)        0005
_PORTB                              (abs)        0006
_PORTBbits                          (abs)        0006
_PORTC                              (abs)        0007
_PORTCbits                          (abs)        0007
_RA0                                (abs)        0028
_RA1                                (abs)        0029
_RA2                                (abs)        002A
_RA3                                (abs)        002B
_RA4                                (abs)        002C
_RA5                                (abs)        002D
_RC0                                (abs)        0038
_RC1                                (abs)        0039
_RS                                 bitbssBANK0  03E0
_SSPADD                             (abs)        0093
_SSPBUF                             (abs)        0013
_SSPCON                             (abs)        0014
_SSPCON2                            (abs)        0091
_SSPCON2bits                        (abs)        0091
_SSPSTAT                            (abs)        0094
_STATUSbits                         (abs)        0003
_TRISAbits                          (abs)        0085
_TRISBbits                          (abs)        0086
_TRISCbits                          (abs)        0087
_Tx_Dato                            text18       0D00
__Habs1                             abs1         0000
__Hbank0                            bank0        0000
__Hbank1                            bank1        0000
__Hbank2                            bank2        0000
__Hbank3                            bank3        0000
__HbitbssBANK0                      bitbssBANK0  0000
__HbssBANK0                         bssBANK0     0000
__Hcinit                            cinit        0800
__Hclrtext                          clrtext      0000
__Hcode                             code         0000
__Hcommon                           common       0000
__Hconfig                           config       2008
__HcstackBANK0                      cstackBANK0  0000
__HcstackCOMMON                     cstackCOMMON 0000
__HdataBANK0                        dataBANK0    0000
__HdataBANK1                        dataBANK1    0000
__Heeprom_data                      eeprom_data  0000
__Hend_init                         end_init     0002
__Hfunctab                          functab      0000
__HidataBANK0                       idataBANK0   0000
__HidataBANK1                       idataBANK1   0000
__Hinit                             init         0000
__Hinittext                         inittext     0000
__Hintentry                         intentry     0000
__Hmaintext                         maintext     0000
__HnvBANK0                          nvBANK0      0000
__Hpowerup                          powerup      0000
__Hram                              ram          0000
__Hreset_vec                        reset_vec    0000
__Hsfr0                             sfr0         0000
__Hsfr1                             sfr1         0000
__Hsfr2                             sfr2         0000
__Hsfr3                             sfr3         0000
__Hspace_0                          (abs)        1000
__Hspace_1                          (abs)        03E1
__Hspace_2                          (abs)        0000
__Hspace_3                          (abs)        0000
__Hspace_4                          (abs)        400F
__Hstack                            stack        0000
__Hstrings                          strings      0000
__Htext                             text         0000
__Labs1                             abs1         0000
__Lbank0                            bank0        0000
__Lbank1                            bank1        0000
__Lbank2                            bank2        0000
__Lbank3                            bank3        0000
__LbitbssBANK0                      bitbssBANK0  0000
__LbssBANK0                         bssBANK0     0000
__Lcinit                            cinit        07DF
__Lclrtext                          clrtext      0000
__Lcode                             code         0000
__Lcommon                           common       0000
__Lconfig                           config       0000
__LcstackBANK0                      cstackBANK0  0000
__LcstackCOMMON                     cstackCOMMON 0000
__LdataBANK0                        dataBANK0    0000
__LdataBANK1                        dataBANK1    0000
__Leeprom_data                      eeprom_data  0000
__Lend_init                         end_init     0000
__Lfunctab                          functab      0000
__LidataBANK0                       idataBANK0   0000
__LidataBANK1                       idataBANK1   0000
__Linit                             init         0000
__Linittext                         inittext     0000
__Lintentry                         intentry     0000
__Lmaintext                         maintext     0000
__LnvBANK0                          nvBANK0      0000
__Lpowerup                          powerup      0000
__Lram                              ram          0000
__Lreset_vec                        reset_vec    0000
__Lsfr0                             sfr0         0000
__Lsfr1                             sfr1         0000
__Lsfr2                             sfr2         0000
__Lsfr3                             sfr3         0000
__Lspace_0                          (abs)        0000
__Lspace_1                          (abs)        0000
__Lspace_2                          (abs)        0000
__Lspace_3                          (abs)        0000
__Lspace_4                          (abs)        0000
__Lstack                            stack        0000
__Lstrings                          strings      0000
__Ltext                             text         0000
__S0                                (abs)        1000
__S1                                (abs)        00FC
__S2                                (abs)        0000
__S3                                (abs)        0000
___fltol                            text13       0177
___fltol@exp1                       cstackBANK0  002A
___fltol@f1                         cstackBANK0  0020
___fltol@sign1                      cstackBANK0  0029
___int_sp                           stack        0000
___latbits                          (abs)        0001
___lwdiv                            text12       0EFE
___lwdiv@counter                    cstackBANK0  0027
___lwdiv@dividend                   cstackBANK0  0022
___lwdiv@divisor                    cstackBANK0  0020
___lwdiv@quotient                   cstackBANK0  0025
___lwmod                            text11       006E
___lwmod@counter                    cstackBANK0  0025
___lwmod@dividend                   cstackBANK0  0022
___lwmod@divisor                    cstackBANK0  0020
___sp                               stack        0000
___stackhi                          (abs)        0000
___stacklo                          (abs)        0000
___wmul                             text7        0D99
___wmul@multiplicand                cstackBANK0  0022
___wmul@multiplier                  cstackBANK0  0020
___wmul@product                     cstackBANK0  0024
__end_of_C_inicio                   text20       0CE1
__end_of_C_parada                   text19       0CEF
__end_of_LCD_Begin                  text27       0637
__end_of_LCD_Cmd                    text28       0DEE
__end_of_LCD_Goto                   text25       0E1E
__end_of_LCD_Print                  text24       0EFE
__end_of_LCD_PutC                   text8        0D54
__end_of_LCD_Write_Nibble           text29       010B
__end_of_Tx_Dato                    text18       0D14
__end_of___fltol                    text13       01F3
__end_of___lwdiv                    text12       0F44
__end_of___lwmod                    text11       00AA
__end_of___wmul                     text7        0DC0
__end_of__initialization            cinit        07FD
__end_of__stringtab                 strings      0012
__end_of_atoi                       text5        0301
__end_of_conditional_screen         text16       0278
__end_of_eeprom_write               text22       0E87
__end_of_iniciar_puertos            text26       0D3D
__end_of_inicio_presentacion        text23       1000
__end_of_isdigit                    text6        0D28
__end_of_itoa                       text9        0D99
__end_of_key_writing_value          text4        038E
__end_of_keypad_getkey              text14       0D75
__end_of_keypad_readkey             text15       07DF
__end_of_load_values                text21       0EBF
__end_of_main                       maintext     041F
__end_of_screen_selector            text3        04C0
__end_of_selector_type              text1        0707
__end_of_strcat                     text17       0E50
__end_of_utoa                       text10       0177
__end_of_ventilator_screen          text2        057A
__initialization                    cinit        07DF
__pbitbssBANK0                      bitbssBANK0  03E0
__pbssBANK0                         bssBANK0     005E
__pcstackBANK0                      cstackBANK0  0020
__pcstackCOMMON                     cstackCOMMON 0000
__pdataBANK0                        dataBANK0    006F
__pdataBANK1                        dataBANK1    00A0
__pidataBANK0                       idataBANK0   0CC8
__pidataBANK1                       idataBANK1   0F44
__pmaintext                         maintext     038E
__pnvBANK0                          nvBANK0      007A
__pstrings                          strings      0002
__ptext1                            text1        0637
__ptext10                           text10       010B
__ptext11                           text11       006E
__ptext12                           text12       0EFE
__ptext13                           text13       0177
__ptext14                           text14       0D54
__ptext15                           text15       0707
__ptext16                           text16       01F3
__ptext17                           text17       0E1E
__ptext18                           text18       0D00
__ptext19                           text19       0CE1
__ptext2                            text2        04C0
__ptext20                           text20       0CD3
__ptext21                           text21       0E87
__ptext22                           text22       0E50
__ptext23                           text23       0FA0
__ptext24                           text24       0EBF
__ptext25                           text25       0DEE
__ptext26                           text26       0D28
__ptext27                           text27       057A
__ptext28                           text28       0DC0
__ptext29                           text29       00AA
__ptext3                            text3        041F
__ptext4                            text4        0301
__ptext5                            text5        0278
__ptext6                            text6        0D14
__ptext7                            text7        0D99
__ptext8                            text8        0D3D
__ptext9                            text9        0D75
__size_of_C_inicio                  (abs)        0000
__size_of_C_parada                  (abs)        0000
__size_of_LCD_Begin                 (abs)        0000
__size_of_LCD_Cmd                   (abs)        0000
__size_of_LCD_Goto                  (abs)        0000
__size_of_LCD_Print                 (abs)        0000
__size_of_LCD_PutC                  (abs)        0000
__size_of_LCD_Write_Nibble          (abs)        0000
__size_of_Tx_Dato                   (abs)        0000
__size_of___fltol                   (abs)        0000
__size_of___lwdiv                   (abs)        0000
__size_of___lwmod                   (abs)        0000
__size_of___wmul                    (abs)        0000
__size_of_atoi                      (abs)        0000
__size_of_conditional_screen        (abs)        0000
__size_of_eeprom_write              (abs)        0000
__size_of_iniciar_puertos           (abs)        0000
__size_of_inicio_presentacion       (abs)        0000
__size_of_isdigit                   (abs)        0000
__size_of_itoa                      (abs)        0000
__size_of_key_writing_value         (abs)        0000
__size_of_keypad_getkey             (abs)        0000
__size_of_keypad_readkey            (abs)        0000
__size_of_load_values               (abs)        0000
__size_of_main                      (abs)        0000
__size_of_screen_selector           (abs)        0000
__size_of_selector_type             (abs)        0000
__size_of_strcat                    (abs)        0000
__size_of_utoa                      (abs)        0000
__size_of_ventilator_screen         (abs)        0000
__stringbase                        strings      0011
__stringtab                         strings      0002
_atoi                               text5        0278
_conditional_screen                 text16       01F3
_eeprom_write                       text22       0E50
_envio                              bssBANK0     006E
_grupo                              dataBANK1    00F6
_i                                  nvBANK0      007A
_iniciar_puertos                    text26       0D28
_inicio_presentacion                text23       0FA0
_isdigit                            text6        0D14
_isdigit$873                        cstackBANK0  0020
_itoa                               text9        0D75
_key_writing_value                  text4        0301
_keypad_getkey                      text14       0D54
_keypad_readkey                     text15       0707
_load_values                        text21       0E87
_main                               maintext     038E
_presentacion                       dataBANK1    00C2
_saludo                             dataBANK1    00DF
_screen_selector                    text3        041F
_selector_type                      text1        0637
_strcat                             text17       0E1E
_utoa                               text10       010B
_va                                 bssBANK0     0066
_vb                                 bssBANK0     0064
_ventilator_screen                  text2        04C0
atoi@a                              cstackBANK0  002B
atoi@s                              cstackBANK0  002D
atoi@sign                           cstackBANK0  002A
btemp                               (abs)        007E
clear_ram0                          clrtext      0CC0
conditional_screen@F1119            dataBANK1    00A0
conditional_screen@F1121            dataBANK1    00B8
conditional_screen@con              cstackBANK0  0030
conditional_screen@msj              cstackBANK0  003A
conditional_screen@x                cstackBANK0  002A
eeprom_write@addr                   cstackBANK0  0022
eeprom_write@value                  cstackBANK0  0020
end_of_initialization               cinit        07FD
inicio_presentacion@i               cstackBANK0  0030
inicio_presentacion@length          cstackBANK0  002A
inicio_presentacion@str             cstackBANK0  002C
init_fetch0                         inittext     0CEF
init_ram0                           inittext     0CF3
intlevel0                           functab      0000
intlevel1                           functab      0000
intlevel2                           functab      0000
intlevel3                           functab      0000
intlevel4                           functab      0000
intlevel5                           functab      0000
isdigit@c                           cstackBANK0  0021
itoa@base                           cstackBANK0  0033
itoa@buf                            cstackBANK0  0036
itoa@val                            cstackBANK0  0031
key_writing_value@c                 cstackBANK0  0031
keypad_getkey@key                   cstackBANK0  0022
main@c                              cstackBANK0  005D
reset_vec                           reset_vec    0000
screen_selector@c                   cstackBANK0  003F
screen_selector@k                   cstackBANK0  0037
screen_selector@v                   cstackBANK0  003B
screen_selector@value               cstackBANK0  0040
selector_type@c                     cstackBANK0  0059
selector_type@k                     cstackBANK0  0058
start                               init         0000
start_initialization                cinit        07DF
strcat@cp                           cstackBANK0  0023
strcat@from                         cstackBANK0  0020
strcat@to                           cstackBANK0  0024
utoa@base                           cstackBANK0  002A
utoa@buf                            cstackBANK0  0030
utoa@c                              cstackBANK0  002F
utoa@v                              cstackBANK0  002D
utoa@val                            cstackBANK0  0028
ventilator_screen@F1127             dataBANK1    00AE
ventilator_screen@F1129             dataBANK0    006F
ventilator_screen@vel               cstackBANK0  004D
ventilator_screen@vel_number        cstackBANK0  0053
ventilator_screen@vel_value         cstackBANK0  0054
ventilator_screen@ventilator_number cstackBANK0  003D
ventilator_screen@vol               cstackBANK0  0043
ventilator_screen@vol_value         cstackBANK0  0052
ventilator_screen@voltaje           cstackBANK0  0037
ventilator_screen@vrm               cstackBANK0  003B
wtemp0                              (abs)        007E


MODULE INFORMATION

Module		Function		Class		Link	Load	Size
C:\Program Files\Microchip\xc8\v2.32\pic\sources\c90\common\isdigit.c
		_isdigit       		CODE           	0D14	0000	20

C:\Program Files\Microchip\xc8\v2.32\pic\sources\c90\common\isdigit.c estimated size: 20

C:\Program Files\Microchip\xc8\v2.32\pic\sources\c90\pic\__eewrite.c
		_eeprom_write  		CODE           	0E50	0000	55

C:\Program Files\Microchip\xc8\v2.32\pic\sources\c90\pic\__eewrite.c estimated size: 55

C:\Program Files\Microchip\xc8\v2.32\pic\sources\c90\common\strcat.c
		_strcat        		CODE           	0E1E	0000	50

C:\Program Files\Microchip\xc8\v2.32\pic\sources\c90\common\strcat.c estimated size: 50

./lcd.h
		_LCD_PutC      		CODE           	0D3D	0000	23
		_LCD_Cmd       		CODE           	0DC0	0000	46
		_LCD_Begin     		CODE           	057A	0000	189
		_LCD_Goto      		CODE           	0DEE	0000	48
		_LCD_Print     		CODE           	0EBF	0000	63
		_LCD_Write_Nibble		CODE           	00AA	0000	97

./lcd.h estimated size: 466

./kbd.h
		_keypad_getkey 		CODE           	0D54	0000	33
		_keypad_readkey		CODE           	0707	0000	216

./kbd.h estimated size: 249

C:\Program Files\Microchip\xc8\v2.32\pic\sources\c90\common\lwmod.c
		___lwmod       		CODE           	006E	0000	60

C:\Program Files\Microchip\xc8\v2.32\pic\sources\c90\common\lwmod.c estimated size: 60

C:\Program Files\Microchip\xc8\v2.32\pic\sources\c90\common\atoi.c
		_atoi          		CODE           	0278	0000	137

C:\Program Files\Microchip\xc8\v2.32\pic\sources\c90\common\atoi.c estimated size: 137

shared
		__stringtab    		STRING         	0002	0000	16
		__initialization		CODE           	07DF	0000	30

shared estimated size: 46

C:\Program Files\Microchip\xc8\v2.32\pic\sources\c90\common\lwdiv.c
		___lwdiv       		CODE           	0EFE	0000	70

C:\Program Files\Microchip\xc8\v2.32\pic\sources\c90\common\lwdiv.c estimated size: 70

C:\Program Files\Microchip\xc8\v2.32\pic\sources\c90\common\Umul16.c
		___wmul        		CODE           	0D99	0000	39

C:\Program Files\Microchip\xc8\v2.32\pic\sources\c90\common\Umul16.c estimated size: 39

main.c
		_iniciar_puertos		CODE           	0D28	0000	21
		_load_values   		CODE           	0E87	0000	56
		_C_inicio      		CODE           	0CD3	0000	14
		_screen_selector		CODE           	041F	0000	161
		_selector_type 		CODE           	0637	0000	208
		_main          		CODE           	038E	0000	145
		_Tx_Dato       		CODE           	0D00	0000	20
		_ventilator_screen		CODE           	04C0	0000	186
		_inicio_presentacion		CODE           	0FA0	0000	96
		_conditional_screen		CODE           	01F3	0000	133
		_C_parada      		CODE           	0CE1	0000	14
		_key_writing_value		CODE           	0301	0000	141

main.c estimated size: 1195

C:\Program Files\Microchip\xc8\v2.32\pic\sources\c90\common\fltol.c
		___fltol       		CODE           	0177	0000	124

C:\Program Files\Microchip\xc8\v2.32\pic\sources\c90\common\fltol.c estimated size: 124

C:\Program Files\Microchip\xc8\v2.32\pic\sources\c90\common\itoa.c
		_itoa          		CODE           	0D75	0000	36
		_utoa          		CODE           	010B	0000	108

C:\Program Files\Microchip\xc8\v2.32\pic\sources\c90\common\itoa.c estimated size: 144

