Microchip MPLAB XC8 Compiler V2.32

Linker command line:

-W-3 --edf=C:\Program Files\Microchip\xc8\v2.32\pic\dat\en_msgs.txt -cn \
  -h+dist/default/production\P3.X.production.sym \
  --cmf=dist/default/production\P3.X.production.cmf -z -Q16F873A \
  -oC:\Users\chuch\AppData\Local\Temp\xcAs458.4 --defsym=__MPLAB_BUILD=1 \
  -Mdist/default/production/P3.X.production.map -E1 -ver=XC8 Compiler \
  --acfsm=1493 -ASTACK=0F6h-0FDh -pstack=STACK -ACODE=00h-07FFhx2 \
  -ASTRCODE=00h-0FFFh -ASTRING=00h-0FFhx16 -ACONST=00h-0FFhx16 \
  -AENTRY=00h-0FFhx16 -ABANK0=020h-07Dh -ABANK1=0A0h-0FDh \
  -ARAM=020h-07Dh,0A0h-0FDh -AABS1=020h-07Fh,0A0h-0FFh -ACOMMON=07Eh-07Fh \
  -ASFR0=00h-01Fh -ASFR1=080h-09Fh -ASFR2=0100h-017Dh -ASFR3=0180h-01FDh \
  -ACONFIG=02007h-02007h -DCONFIG=2 -AIDLOC=02000h-02003h -DIDLOC=2 \
  -AEEDATA=00h-07Fh/02100h -peeprom_data=EEDATA -DEEDATA=2 -DCODE=2 \
  -DSTRCODE=2 -DSTRING=2 -DCONST=2 -DENTRY=2 \
  -preset_vec=00h,intentry,init,end_init -ppowerup=CODE -pcinit=CODE \
  -pfunctab=ENTRY -k C:\Users\chuch\AppData\Local\Temp\xcAs458.o \
  dist/default/production\P3.X.production.o 

Object code version is 3.11

Machine type is 16F873A



                Name                               Link     Load   Length Selector   Space Scale
C:\Users\chuch\AppData\Local\Temp\xcAs458.o
                end_init                              0        0        2        0       0
                config                             2007     2007        1        0       4
dist/default/production\P3.X.production.o
                cinit                               7DA      7DA       26      FB4       0
                config                             2007     2007        1        0       4
                text19                              2CB      2CB       61      596       0
                text18                               D1       D1       2E      1A2       0
                text17                              645      645       BD      C8A       0
                text16                               75       75       17       EA       0
                text15                               60       60       15       C0       0
                text14                               FF       FF       30      1FE       0
                text13                              161      161       35      2C2       0
                text12                              26E      26E       5D      4DC       0
                text11                              702      702       D8      E04       0
                text10                               8C       8C       21      118       0
                text9                               12F      12F       32      25E       0
                text8                               410      410       7B      820       0
                text7                               48B      48B       7C      916       0
                text6                               1D2      1D2       46      3A4       0
                text5                               196      196       3C      32C       0
                text4                               32C      32C       6C      658       0
                text3                                AD       AD       24      15A       0
                text2                               595      595       B0      B2A       0
                text1                               398      398       78      730       0
                maintext                            507      507       8E      A0E       0
                cstackBANK0                          20       20       3A       20       1
                inittext                             3E       3E       11       7C       0
                dataBANK1                            A0       A0       56       A0       1
                dataBANK0                            5A       5A       11       20       1
                bssBANK0                             6B       6B        B       20       1
                bitbssBANK0                         3C0       78        1       20       1     8
                strings                               2        2       23        4       0
                nvBANK0                              76       76        2       20       1
                idataBANK1                          218      218       56      430       0
                idataBANK0                           4F       4F       11       9E       0

TOTAL           Name                               Link     Load   Length     Space
        CLASS   STACK          

        CLASS   CODE           
                end_init                              0        0        2         0
                cinit                               7DA      7DA       26         0
                text19                              2CB      2CB       61         0
                text18                               D1       D1       2E         0
                text17                              645      645       BD         0
                text16                               75       75       17         0
                text15                               60       60       15         0
                text14                               FF       FF       30         0
                text13                              161      161       35         0
                text12                              26E      26E       5D         0
                text11                              702      702       D8         0
                text10                               8C       8C       21         0
                text9                               12F      12F       32         0
                text8                               410      410       7B         0
                text7                               48B      48B       7C         0
                text6                               1D2      1D2       46         0
                text5                               196      196       3C         0
                text4                               32C      32C       6C         0
                text3                                AD       AD       24         0
                text2                               595      595       B0         0
                text1                               398      398       78         0
                maintext                            507      507       8E         0
                inittext                             3E       3E       11         0
                idataBANK1                          218      218       56         0
                idataBANK0                           4F       4F       11         0

        CLASS   STRCODE        

        CLASS   STRING         
                strings                               2        2       23         0

        CLASS   CONST          

        CLASS   ENTRY          

        CLASS   BANK0          
                cstackBANK0                          20       20       3A         1
                dataBANK0                            5A       5A       11         1
                bssBANK0                             6B       6B        B         1
                bitbssBANK0                         3C0       78        1         1
                nvBANK0                              76       76        2         1

        CLASS   BANK1          
                dataBANK1                            A0       A0       56         1

        CLASS   RAM            

        CLASS   ABS1           
                abs_s1                               7E       7E        2         1

        CLASS   COMMON         

        CLASS   SFR0           

        CLASS   SFR1           

        CLASS   SFR2           

        CLASS   SFR3           

        CLASS   CONFIG         
                config                             2007     2007        1         4

        CLASS   IDLOC          

        CLASS   EEDATA         

        CLASS   BANK3          

        CLASS   BANK2          



SEGMENTS        Name                           Load    Length   Top    Selector   Space  Class     Delta

                reset_vec                      000000  000002  000002         0       0  CODE        2
                strings                        000002  000023  000025         4       0  STRING      2
                cstackBANK0                    000020  000059  000079        20       1  BANK0       1
                inittext                       00003E  000011  00004F        7C       0  CODE        2
                idataBANK0                     00004F  000011  000060        9E       0  CODE        2
                dataBANK1                      0000A0  000056  0000F6        A0       1  BANK1       1
                text15                         000060  000015  000075        C0       0  CODE        2
                text16                         000075  000017  00008C        EA       0  CODE        2
                text10                         00008C  000021  0000AD       118       0  CODE        2
                text3                          0000AD  000024  0000D1       15A       0  CODE        2
                text18                         0000D1  00002E  0000FF       1A2       0  CODE        2
                text14                         0000FF  000030  00012F       1FE       0  CODE        2
                text9                          00012F  000032  000161       25E       0  CODE        2
                text13                         000161  000035  000196       2C2       0  CODE        2
                text5                          000196  00003C  0001D2       32C       0  CODE        2
                text6                          0001D2  000046  000218       3A4       0  CODE        2
                idataBANK1                     000218  000056  00026E       430       0  CODE        2
                text12                         00026E  00005D  0002CB       4DC       0  CODE        2
                text19                         0002CB  000061  00032C       596       0  CODE        2
                text4                          00032C  00006C  000398       658       0  CODE        2
                text1                          000398  000078  000410       730       0  CODE        2
                text8                          000410  00007B  00048B       820       0  CODE        2
                text7                          00048B  00007C  000507       916       0  CODE        2
                maintext                       000507  00008E  000595       A0E       0  CODE        2
                text2                          000595  0000B0  000645       B2A       0  CODE        2
                text17                         000645  0000BD  000702       C8A       0  CODE        2
                text11                         000702  0000D8  0007DA       E04       0  CODE        2
                cinit                          0007DA  000026  000800       FB4       0  CODE        2


UNUSED ADDRESS RANGES

        Name                Unused          Largest block    Delta
        BANK0            0079-007D              5           1
        BANK1            00F6-00FD              8           1
        CODE             0025-003D             19           2
                         0800-0FFF            800
        CONST            0025-003D             19           2
                         0800-0FFF            100
        EEDATA           2100-217F             80           2
        ENTRY            0025-003D             19           2
                         0800-0FFF            100
        IDLOC            2000-2003              4           2
        RAM              0079-007D              5           1
                         00F6-00FD              8
        SFR0             0000-001F             20           1
        SFR1             0080-009F             20           1
        SFR2             0100-017D             7E           1
        SFR3             0180-01FD             7E           1
        STACK            00F6-00FD              8           1
        STRCODE          0025-003D             19           2
                         0800-0FFF            800
        STRING           0025-003D             19           2
                         0800-0FFF            100

                                  Symbol Table

?___fltol                           cstackBANK0  0020
?___lwdiv                           cstackBANK0  0020
?___lwmod                           cstackBANK0  0020
LCD_Cmd@Command                     cstackBANK0  0025
LCD_Goto@col                        cstackBANK0  0029
LCD_Goto@row                        cstackBANK0  0026
LCD_Print@LCD_Str                   cstackBANK0  0026
LCD_Print@i                         cstackBANK0  0025
LCD_PutC@LCD_Char                   cstackBANK0  0024
LCD_Write_Nibble@n                  cstackBANK0  0022
_ADCON1                             (abs)        009F
_LCD_Begin                          text17       0645
_LCD_Cmd                            text18       00D1
_LCD_Goto                           text14       00FF
_LCD_Print                          text13       0161
_LCD_PutC                           text16       0075
_LCD_Write_Nibble                   text19       02CB
_PORTA                              (abs)        0005
_PORTB                              (abs)        0006
_PORTBbits                          (abs)        0006
_PORTC                              (abs)        0007
_PORTCbits                          (abs)        0007
_RA0                                (abs)        0028
_RA1                                (abs)        0029
_RA2                                (abs)        002A
_RA3                                (abs)        002B
_RA4                                (abs)        002C
_RA5                                (abs)        002D
_RC0                                (abs)        0038
_RC1                                (abs)        0039
_RS                                 bitbssBANK0  03C0
_TRISAbits                          (abs)        0085
_TRISBbits                          (abs)        0086
_TRISCbits                          (abs)        0087
__Habs1                             abs1         0000
__Hbank0                            bank0        0000
__Hbank1                            bank1        0000
__Hbank2                            bank2        0000
__Hbank3                            bank3        0000
__HbitbssBANK0                      bitbssBANK0  0000
__HbssBANK0                         bssBANK0     0000
__Hcinit                            cinit        0800
__Hclrtext                          clrtext      0000
__Hcode                             code         0000
__Hcommon                           common       0000
__Hconfig                           config       2008
__HcstackBANK0                      cstackBANK0  0000
__HcstackCOMMON                     cstackCOMMON 0000
__HdataBANK0                        dataBANK0    0000
__HdataBANK1                        dataBANK1    0000
__Heeprom_data                      eeprom_data  0000
__Hend_init                         end_init     0002
__Hfunctab                          functab      0000
__HidataBANK0                       idataBANK0   0000
__HidataBANK1                       idataBANK1   0000
__Hinit                             init         0000
__Hinittext                         inittext     0000
__Hintentry                         intentry     0000
__Hmaintext                         maintext     0000
__HnvBANK0                          nvBANK0      0000
__Hpowerup                          powerup      0000
__Hram                              ram          0000
__Hreset_vec                        reset_vec    0000
__Hsfr0                             sfr0         0000
__Hsfr1                             sfr1         0000
__Hsfr2                             sfr2         0000
__Hsfr3                             sfr3         0000
__Hspace_0                          (abs)        0800
__Hspace_1                          (abs)        03C1
__Hspace_2                          (abs)        0000
__Hspace_3                          (abs)        0000
__Hspace_4                          (abs)        400F
__Hstack                            stack        0000
__Hstrings                          strings      0000
__Htext                             text         0000
__Labs1                             abs1         0000
__Lbank0                            bank0        0000
__Lbank1                            bank1        0000
__Lbank2                            bank2        0000
__Lbank3                            bank3        0000
__LbitbssBANK0                      bitbssBANK0  0000
__LbssBANK0                         bssBANK0     0000
__Lcinit                            cinit        07DA
__Lclrtext                          clrtext      0000
__Lcode                             code         0000
__Lcommon                           common       0000
__Lconfig                           config       0000
__LcstackBANK0                      cstackBANK0  0000
__LcstackCOMMON                     cstackCOMMON 0000
__LdataBANK0                        dataBANK0    0000
__LdataBANK1                        dataBANK1    0000
__Leeprom_data                      eeprom_data  0000
__Lend_init                         end_init     0000
__Lfunctab                          functab      0000
__LidataBANK0                       idataBANK0   0000
__LidataBANK1                       idataBANK1   0000
__Linit                             init         0000
__Linittext                         inittext     0000
__Lintentry                         intentry     0000
__Lmaintext                         maintext     0000
__LnvBANK0                          nvBANK0      0000
__Lpowerup                          powerup      0000
__Lram                              ram          0000
__Lreset_vec                        reset_vec    0000
__Lsfr0                             sfr0         0000
__Lsfr1                             sfr1         0000
__Lsfr2                             sfr2         0000
__Lsfr3                             sfr3         0000
__Lspace_0                          (abs)        0000
__Lspace_1                          (abs)        0000
__Lspace_2                          (abs)        0000
__Lspace_3                          (abs)        0000
__Lspace_4                          (abs)        0000
__Lstack                            stack        0000
__Lstrings                          strings      0000
__Ltext                             text         0000
__S0                                (abs)        0800
__S1                                (abs)        00F6
__S2                                (abs)        0000
__S3                                (abs)        0000
___fltol                            text7        048B
___fltol@exp1                       cstackBANK0  002A
___fltol@f1                         cstackBANK0  0020
___fltol@sign1                      cstackBANK0  0029
___int_sp                           stack        0000
___latbits                          (abs)        0001
___lwdiv                            text6        01D2
___lwdiv@counter                    cstackBANK0  0027
___lwdiv@dividend                   cstackBANK0  0022
___lwdiv@divisor                    cstackBANK0  0020
___lwdiv@quotient                   cstackBANK0  0025
___lwmod                            text5        0196
___lwmod@counter                    cstackBANK0  0025
___lwmod@dividend                   cstackBANK0  0022
___lwmod@divisor                    cstackBANK0  0020
___sp                               stack        0000
___stackhi                          (abs)        0000
___stacklo                          (abs)        0000
__end_of_LCD_Begin                  text17       0702
__end_of_LCD_Cmd                    text18       00FF
__end_of_LCD_Goto                   text14       012F
__end_of_LCD_Print                  text13       0196
__end_of_LCD_PutC                   text16       008C
__end_of_LCD_Write_Nibble           text19       032C
__end_of___fltol                    text7        0507
__end_of___lwdiv                    text6        0218
__end_of___lwmod                    text5        01D2
__end_of__initialization            cinit        07FD
__end_of__stringtab                 strings      0012
__end_of_conditional_screen         text8        048B
__end_of_iniciar_puertos            text15       0075
__end_of_inicio_presentacion        text12       02CB
__end_of_itoa                       text3        00D1
__end_of_keypad_getkey              text10       00AD
__end_of_keypad_readkey             text11       07DA
__end_of_main                       maintext     0595
__end_of_selector_type              text1        0410
__end_of_strcat                     text9        0161
__end_of_utoa                       text4        0398
__end_of_ventilator_screen          text2        0645
__initialization                    cinit        07DA
__pbitbssBANK0                      bitbssBANK0  03C0
__pbssBANK0                         bssBANK0     006B
__pcstackBANK0                      cstackBANK0  0020
__pcstackCOMMON                     cstackCOMMON 0000
__pdataBANK0                        dataBANK0    005A
__pdataBANK1                        dataBANK1    00A0
__pidataBANK0                       idataBANK0   004F
__pidataBANK1                       idataBANK1   0218
__pmaintext                         maintext     0507
__pnvBANK0                          nvBANK0      0076
__pstrings                          strings      0002
__ptext1                            text1        0398
__ptext10                           text10       008C
__ptext11                           text11       0702
__ptext12                           text12       026E
__ptext13                           text13       0161
__ptext14                           text14       00FF
__ptext15                           text15       0060
__ptext16                           text16       0075
__ptext17                           text17       0645
__ptext18                           text18       00D1
__ptext19                           text19       02CB
__ptext2                            text2        0595
__ptext3                            text3        00AD
__ptext4                            text4        032C
__ptext5                            text5        0196
__ptext6                            text6        01D2
__ptext7                            text7        048B
__ptext8                            text8        0410
__ptext9                            text9        012F
__size_of_LCD_Begin                 (abs)        0000
__size_of_LCD_Cmd                   (abs)        0000
__size_of_LCD_Goto                  (abs)        0000
__size_of_LCD_Print                 (abs)        0000
__size_of_LCD_PutC                  (abs)        0000
__size_of_LCD_Write_Nibble          (abs)        0000
__size_of___fltol                   (abs)        0000
__size_of___lwdiv                   (abs)        0000
__size_of___lwmod                   (abs)        0000
__size_of_conditional_screen        (abs)        0000
__size_of_iniciar_puertos           (abs)        0000
__size_of_inicio_presentacion       (abs)        0000
__size_of_itoa                      (abs)        0000
__size_of_keypad_getkey             (abs)        0000
__size_of_keypad_readkey            (abs)        0000
__size_of_main                      (abs)        0000
__size_of_selector_type             (abs)        0000
__size_of_strcat                    (abs)        0000
__size_of_utoa                      (abs)        0000
__size_of_ventilator_screen         (abs)        0000
__stringbase                        strings      0011
__stringtab                         strings      0002
_conditional_screen                 text8        0410
_grupo                              dataBANK0    0065
_i                                  nvBANK0      0076
_iniciar_puertos                    text15       0060
_inicio_presentacion                text12       026E
_itoa                               text3        00AD
_keypad_getkey                      text10       008C
_keypad_readkey                     text11       0702
_main                               maintext     0507
_presentacion                       dataBANK1    00C2
_saludo                             dataBANK1    00DF
_selector_type                      text1        0398
_strcat                             text9        012F
_utoa                               text4        032C
_ventilator_screen                  text2        0595
btemp                               (abs)        007E
conditional_screen@F1115            dataBANK1    00A0
conditional_screen@F1117            dataBANK1    00B8
conditional_screen@con              cstackBANK0  0030
conditional_screen@msj              cstackBANK0  003A
conditional_screen@x                cstackBANK0  002A
end_of_initialization               cinit        07FD
inicio_presentacion@i               cstackBANK0  0030
inicio_presentacion@length          cstackBANK0  002A
inicio_presentacion@str             cstackBANK0  002C
init_fetch0                         inittext     003E
init_ram0                           inittext     0042
intlevel0                           functab      0000
intlevel1                           functab      0000
intlevel2                           functab      0000
intlevel3                           functab      0000
intlevel4                           functab      0000
intlevel5                           functab      0000
itoa@base                           cstackBANK0  0033
itoa@buf                            cstackBANK0  0036
itoa@val                            cstackBANK0  0031
keypad_getkey@key                   cstackBANK0  0022
main@c                              cstackBANK0  0059
reset_vec                           reset_vec    0000
selector_type@c                     cstackBANK0  0055
start                               init         0000
start_initialization                cinit        07DA
strcat@cp                           cstackBANK0  0023
strcat@from                         cstackBANK0  0020
strcat@to                           cstackBANK0  0024
utoa@base                           cstackBANK0  002A
utoa@buf                            cstackBANK0  0030
utoa@c                              cstackBANK0  002F
utoa@v                              cstackBANK0  002D
utoa@val                            cstackBANK0  0028
ventilator_screen@F1123             dataBANK1    00AE
ventilator_screen@F1125             dataBANK0    005A
ventilator_screen@vel               cstackBANK0  004D
ventilator_screen@vel_number        cstackBANK0  0053
ventilator_screen@vel_value         cstackBANK0  0054
ventilator_screen@ventilator_number cstackBANK0  003D
ventilator_screen@vol               cstackBANK0  0043
ventilator_screen@vol_value         cstackBANK0  0052
ventilator_screen@voltaje           cstackBANK0  0037
ventilator_screen@vrm               cstackBANK0  003B
wtemp0                              (abs)        007E


MODULE INFORMATION

Module		Function		Class		Link	Load	Size
C:\Program Files\Microchip\xc8\v2.32\pic\sources\c90\common\strcat.c
		_strcat        		CODE           	012F	0000	50

C:\Program Files\Microchip\xc8\v2.32\pic\sources\c90\common\strcat.c estimated size: 50

./lcd.h
		_LCD_PutC      		CODE           	0075	0000	23
		_LCD_Cmd       		CODE           	00D1	0000	46
		_LCD_Begin     		CODE           	0645	0000	189
		_LCD_Goto      		CODE           	00FF	0000	48
		_LCD_Print     		CODE           	0161	0000	53
		_LCD_Write_Nibble		CODE           	02CB	0000	97

./lcd.h estimated size: 456

./kbd.h
		_keypad_getkey 		CODE           	008C	0000	33
		_keypad_readkey		CODE           	0702	0000	216

./kbd.h estimated size: 249

C:\Program Files\Microchip\xc8\v2.32\pic\sources\c90\common\lwmod.c
		___lwmod       		CODE           	0196	0000	60

C:\Program Files\Microchip\xc8\v2.32\pic\sources\c90\common\lwmod.c estimated size: 60

shared
		__stringtab    		STRING         	0002	0000	16
		__initialization		CODE           	07DA	0000	35

shared estimated size: 51

C:\Program Files\Microchip\xc8\v2.32\pic\sources\c90\common\lwdiv.c
		___lwdiv       		CODE           	01D2	0000	70

C:\Program Files\Microchip\xc8\v2.32\pic\sources\c90\common\lwdiv.c estimated size: 70

main.c
		_iniciar_puertos		CODE           	0060	0000	21
		_selector_type 		CODE           	0398	0000	120
		_main          		CODE           	0507	0000	142
		_ventilator_screen		CODE           	0595	0000	176
		_inicio_presentacion		CODE           	026E	0000	93
		_conditional_screen		CODE           	0410	0000	123

main.c estimated size: 675

C:\Program Files\Microchip\xc8\v2.32\pic\sources\c90\common\fltol.c
		___fltol       		CODE           	048B	0000	124

C:\Program Files\Microchip\xc8\v2.32\pic\sources\c90\common\fltol.c estimated size: 124

C:\Program Files\Microchip\xc8\v2.32\pic\sources\c90\common\itoa.c
		_itoa          		CODE           	00AD	0000	36
		_utoa          		CODE           	032C	0000	108

C:\Program Files\Microchip\xc8\v2.32\pic\sources\c90\common\itoa.c estimated size: 144

